Archive member included to satisfy reference by file (symbol)

jlink_rtt/libjlink_rtt.a(SEGGER_RTT.c.obj)
                              CMakeFiles/PROJECT_NAME.dir/main.c.obj (SEGGER_RTT_WriteString)
/usr/lib/gcc/arm-none-eabi/10.3.1/thumb/v6-m/nofp/libgcc.a(_dvmd_tls.o)
                              CMakeFiles/PROJECT_NAME.dir/home/moon/pico/pico-sdk/src/rp2_common/pico_divider/divider.S.obj (__aeabi_idiv0)
/usr/lib/gcc/arm-none-eabi/10.3.1/../../../arm-none-eabi/lib/thumb/v6-m/nofp/libg.a(lib_a-atexit.o)
                              /usr/lib/gcc/arm-none-eabi/10.3.1/../../../arm-none-eabi/lib/thumb/v6-m/nofp/crt0.o (atexit)
/usr/lib/gcc/arm-none-eabi/10.3.1/../../../arm-none-eabi/lib/thumb/v6-m/nofp/libg.a(lib_a-calloc.o)
                              CMakeFiles/PROJECT_NAME.dir/home/moon/pico/pico-sdk/src/rp2_common/pico_malloc/pico_malloc.c.obj (calloc)
/usr/lib/gcc/arm-none-eabi/10.3.1/../../../arm-none-eabi/lib/thumb/v6-m/nofp/libg.a(lib_a-callocr.o)
                              /usr/lib/gcc/arm-none-eabi/10.3.1/../../../arm-none-eabi/lib/thumb/v6-m/nofp/libg.a(lib_a-calloc.o) (_calloc_r)
/usr/lib/gcc/arm-none-eabi/10.3.1/../../../arm-none-eabi/lib/thumb/v6-m/nofp/libg.a(lib_a-fini.o)
                              /usr/lib/gcc/arm-none-eabi/10.3.1/../../../arm-none-eabi/lib/thumb/v6-m/nofp/crt0.o (__libc_fini_array)
/usr/lib/gcc/arm-none-eabi/10.3.1/../../../arm-none-eabi/lib/thumb/v6-m/nofp/libg.a(lib_a-impure.o)
                              /usr/lib/gcc/arm-none-eabi/10.3.1/../../../arm-none-eabi/lib/thumb/v6-m/nofp/libg.a(lib_a-calloc.o) (_impure_ptr)
/usr/lib/gcc/arm-none-eabi/10.3.1/../../../arm-none-eabi/lib/thumb/v6-m/nofp/libg.a(lib_a-init.o)
                              /usr/lib/gcc/arm-none-eabi/10.3.1/../../../arm-none-eabi/lib/thumb/v6-m/nofp/crt0.o (__libc_init_array)
/usr/lib/gcc/arm-none-eabi/10.3.1/../../../arm-none-eabi/lib/thumb/v6-m/nofp/libg.a(lib_a-malloc.o)
                              CMakeFiles/PROJECT_NAME.dir/home/moon/pico/pico-sdk/src/rp2_common/pico_malloc/pico_malloc.c.obj (malloc)
/usr/lib/gcc/arm-none-eabi/10.3.1/../../../arm-none-eabi/lib/thumb/v6-m/nofp/libg.a(lib_a-mallocr.o)
                              /usr/lib/gcc/arm-none-eabi/10.3.1/../../../arm-none-eabi/lib/thumb/v6-m/nofp/libg.a(lib_a-callocr.o) (_malloc_r)
/usr/lib/gcc/arm-none-eabi/10.3.1/../../../arm-none-eabi/lib/thumb/v6-m/nofp/libg.a(lib_a-memcmp.o)
                              CMakeFiles/PROJECT_NAME.dir/home/moon/pico/pico-sdk/lib/cyw43-driver/src/cyw43_ll.c.obj (memcmp)
/usr/lib/gcc/arm-none-eabi/10.3.1/../../../arm-none-eabi/lib/thumb/v6-m/nofp/libg.a(lib_a-memmove.o)
                              CMakeFiles/PROJECT_NAME.dir/home/moon/pico/pico-sdk/lib/cyw43-driver/src/cyw43_ll.c.obj (memmove)
/usr/lib/gcc/arm-none-eabi/10.3.1/../../../arm-none-eabi/lib/thumb/v6-m/nofp/libg.a(lib_a-mlock.o)
                              /usr/lib/gcc/arm-none-eabi/10.3.1/../../../arm-none-eabi/lib/thumb/v6-m/nofp/libg.a(lib_a-mallocr.o) (__malloc_lock)
/usr/lib/gcc/arm-none-eabi/10.3.1/../../../arm-none-eabi/lib/thumb/v6-m/nofp/libg.a(lib_a-realloc.o)
                              CMakeFiles/PROJECT_NAME.dir/home/moon/pico/pico-sdk/src/rp2_common/pico_malloc/pico_malloc.c.obj (realloc)
/usr/lib/gcc/arm-none-eabi/10.3.1/../../../arm-none-eabi/lib/thumb/v6-m/nofp/libg.a(lib_a-reallocr.o)
                              /usr/lib/gcc/arm-none-eabi/10.3.1/../../../arm-none-eabi/lib/thumb/v6-m/nofp/libg.a(lib_a-realloc.o) (_realloc_r)
/usr/lib/gcc/arm-none-eabi/10.3.1/../../../arm-none-eabi/lib/thumb/v6-m/nofp/libg.a(lib_a-sbrkr.o)
                              /usr/lib/gcc/arm-none-eabi/10.3.1/../../../arm-none-eabi/lib/thumb/v6-m/nofp/libg.a(lib_a-mallocr.o) (_sbrk_r)
/usr/lib/gcc/arm-none-eabi/10.3.1/../../../arm-none-eabi/lib/thumb/v6-m/nofp/libg.a(lib_a-strlen-stub.o)
                              CMakeFiles/PROJECT_NAME.dir/home/moon/pico/pico-sdk/src/rp2_common/pico_stdio/stdio.c.obj (strlen)
/usr/lib/gcc/arm-none-eabi/10.3.1/../../../arm-none-eabi/lib/thumb/v6-m/nofp/libg.a(lib_a-strncmp.o)
                              CMakeFiles/PROJECT_NAME.dir/home/moon/pico/pico-sdk/lib/cyw43-driver/src/cyw43_ll.c.obj (strncmp)
/usr/lib/gcc/arm-none-eabi/10.3.1/../../../arm-none-eabi/lib/thumb/v6-m/nofp/libg.a(lib_a-__atexit.o)
                              /usr/lib/gcc/arm-none-eabi/10.3.1/../../../arm-none-eabi/lib/thumb/v6-m/nofp/libg.a(lib_a-atexit.o) (__register_exitproc)
/usr/lib/gcc/arm-none-eabi/10.3.1/../../../arm-none-eabi/lib/thumb/v6-m/nofp/libg.a(lib_a-freer.o)
                              /usr/lib/gcc/arm-none-eabi/10.3.1/../../../arm-none-eabi/lib/thumb/v6-m/nofp/libg.a(lib_a-malloc.o) (_free_r)
/usr/lib/gcc/arm-none-eabi/10.3.1/../../../arm-none-eabi/lib/thumb/v6-m/nofp/libg.a(lib_a-reent.o)
                              /usr/lib/gcc/arm-none-eabi/10.3.1/../../../arm-none-eabi/lib/thumb/v6-m/nofp/libg.a(lib_a-sbrkr.o) (errno)

Discarded input sections

[...]
Memory Configuration

Name             Origin             Length             Attributes
FLASH            0x0000000010000000 0x0000000000200000 xr
RAM              0x0000000020000000 0x0000000000040000 xrw
SCRATCH_X        0x0000000020040000 0x0000000000001000 xrw
SCRATCH_Y        0x0000000020041000 0x0000000000001000 xrw
*default*        0x0000000000000000 0xffffffffffffffff

Linker script and memory map

LOAD /usr/lib/gcc/arm-none-eabi/10.3.1/thumb/v6-m/nofp/crti.o
LOAD /usr/lib/gcc/arm-none-eabi/10.3.1/thumb/v6-m/nofp/crtbegin.o
LOAD /usr/lib/gcc/arm-none-eabi/10.3.1/../../../arm-none-eabi/lib/thumb/v6-m/nofp/crt0.o

.flash_begin    0x0000000010000000        0x0
                0x0000000010000000                __flash_binary_start = .

.boot2          0x0000000010000000      0x100
                0x0000000010000000                __boot2_start__ = .
 *(.boot2)
 .boot2         0x0000000010000000      0x100 /tmp/ccVpDD2n.o
                0x0000000010000100                __boot2_end__ = .
                0x0000000000000001                ASSERT (((__boot2_end__ - __boot2_start__) == 0x100), ERROR: Pico second stage bootloader must be 256 bytes in size)

.text           0x0000000010000100     0xadd8
                0x0000000010000100                __logical_binary_start = .
 *(.vectors)
 .vectors       0x0000000010000100       0xd4 CMakeFiles/PROJECT_NAME.dir/home/moon/pico/pico-sdk/src/rp2_common/pico_standard_link/crt0.S.obj
                0x0000000010000100                __vectors
                0x0000000010000100                __VECTOR_TABLE
                0x00000000100001c0                isr_invalid
                0x00000000100001c0                __default_isrs_start
                0x00000000100001c2                isr_nmi
                0x00000000100001c4                isr_hardfault
                0x00000000100001c6                isr_svcall
                0x00000000100001c8                isr_pendsv
                0x00000000100001ca                isr_systick
                0x00000000100001cc                isr_irq30
                0x00000000100001cc                __unhandled_user_irq
                0x00000000100001cc                isr_irq13
                0x00000000100001cc                isr_irq27
                0x00000000100001cc                isr_irq31
                0x00000000100001cc                isr_irq5
                0x00000000100001cc                isr_irq11
                0x00000000100001cc                isr_irq23
                0x00000000100001cc                isr_irq18
                0x00000000100001cc                isr_irq28
                0x00000000100001cc                isr_irq19
                0x00000000100001cc                isr_irq0
                0x00000000100001cc                isr_irq6
                0x00000000100001cc                isr_irq22
                0x00000000100001cc                isr_irq17
                0x00000000100001cc                isr_irq14
                0x00000000100001cc                isr_irq2
                0x00000000100001cc                isr_irq10
                0x00000000100001cc                isr_irq8
                0x00000000100001cc                isr_irq24
                0x00000000100001cc                isr_irq1
                0x00000000100001cc                isr_irq7
                0x00000000100001cc                isr_irq21
                0x00000000100001cc                isr_irq20
                0x00000000100001cc                isr_irq15
                0x00000000100001cc                isr_irq25
                0x00000000100001cc                isr_irq4
                0x00000000100001cc                isr_irq16
                0x00000000100001cc                isr_irq29
                0x00000000100001cc                isr_irq26
                0x00000000100001cc                __default_isrs_end
                0x00000000100001cc                isr_irq3
                0x00000000100001cc                isr_irq12
                0x00000000100001cc                isr_irq9
                0x00000000100001d2                unhandled_user_irq_num_in_r0
 *(.binary_info_header)
 .binary_info_header
                0x00000000100001d4       0x14 CMakeFiles/PROJECT_NAME.dir/home/moon/pico/pico-sdk/src/rp2_common/pico_standard_link/crt0.S.obj
                0x00000000100001e8                __binary_info_header_end = .
 *(.reset)
 .reset         0x00000000100001e8       0xa0 CMakeFiles/PROJECT_NAME.dir/home/moon/pico/pico-sdk/src/rp2_common/pico_standard_link/crt0.S.obj
                0x00000000100001e8                _entry_point
 .reset         0x0000000010000288       0x30 CMakeFiles/PROJECT_NAME.dir/home/moon/pico/pico-sdk/src/rp2_common/pico_standard_link/binary_info.c.obj
 *(.init)
 .init          0x00000000100002b8        0x4 /usr/lib/gcc/arm-none-eabi/10.3.1/thumb/v6-m/nofp/crti.o
                0x00000000100002b8                _init
 *(EXCLUDE_FILE(*libm.a: *libc.a:*lib_a-mem*.o *libgcc.a:) .text*)
 .text          0x00000000100002bc       0x98 /usr/lib/gcc/arm-none-eabi/10.3.1/thumb/v6-m/nofp/crtbegin.o
 .text.main     0x0000000010000354       0xa8 CMakeFiles/PROJECT_NAME.dir/main.c.obj
                0x0000000010000354                main
 .text.gpio_set_function
                0x00000000100003fc       0x30 CMakeFiles/PROJECT_NAME.dir/home/moon/pico/pico-sdk/src/rp2_common/hardware_gpio/gpio.c.obj
                0x00000000100003fc                gpio_set_function
 .text.gpio_set_pulls
                0x000000001000042c       0x34 CMakeFiles/PROJECT_NAME.dir/home/moon/pico/pico-sdk/src/rp2_common/hardware_gpio/gpio.c.obj
                0x000000001000042c                gpio_set_pulls
 .text.gpio_set_input_hysteresis_enabled
                0x0000000010000460       0x30 CMakeFiles/PROJECT_NAME.dir/home/moon/pico/pico-sdk/src/rp2_common/hardware_gpio/gpio.c.obj
                0x0000000010000460                gpio_set_input_hysteresis_enabled
 .text.gpio_add_raw_irq_handler_with_order_priority_masked
                0x0000000010000490       0x40 CMakeFiles/PROJECT_NAME.dir/home/moon/pico/pico-sdk/src/rp2_common/hardware_gpio/gpio.c.obj
                0x0000000010000490                gpio_add_raw_irq_handler_with_order_priority_masked
 .text.gpio_remove_raw_irq_handler_masked
                0x00000000100004d0       0x48 CMakeFiles/PROJECT_NAME.dir/home/moon/pico/pico-sdk/src/rp2_common/hardware_gpio/gpio.c.obj
                0x00000000100004d0                gpio_remove_raw_irq_handler_masked
 .text.gpio_acknowledge_irq
                0x0000000010000518       0x18 CMakeFiles/PROJECT_NAME.dir/home/moon/pico/pico-sdk/src/rp2_common/hardware_gpio/gpio.c.obj
                0x0000000010000518                gpio_acknowledge_irq
 .text._gpio_set_irq_enabled
                0x0000000010000530       0x34 CMakeFiles/PROJECT_NAME.dir/home/moon/pico/pico-sdk/src/rp2_common/hardware_gpio/gpio.c.obj
 .text.gpio_set_irq_enabled
                0x0000000010000564       0x20 CMakeFiles/PROJECT_NAME.dir/home/moon/pico/pico-sdk/src/rp2_common/hardware_gpio/gpio.c.obj
                0x0000000010000564                gpio_set_irq_enabled
 .text.gpio_init
                0x0000000010000584       0x16 CMakeFiles/PROJECT_NAME.dir/home/moon/pico/pico-sdk/src/rp2_common/hardware_gpio/gpio.c.obj
                0x0000000010000584                gpio_init
 *fill*         0x000000001000059a        0x2 
 .text.running_on_fpga
                0x000000001000059c       0x14 CMakeFiles/PROJECT_NAME.dir/home/moon/pico/pico-sdk/src/rp2_common/pico_platform/platform.c.obj
                0x000000001000059c                running_on_fpga
 .text.hw_claim_lock
                0x00000000100005b0       0x18 CMakeFiles/PROJECT_NAME.dir/home/moon/pico/pico-sdk/src/rp2_common/hardware_claim/claim.c.obj
                0x00000000100005b0                hw_claim_lock
 .text.hw_claim_unlock
                0x00000000100005c8       0x14 CMakeFiles/PROJECT_NAME.dir/home/moon/pico/pico-sdk/src/rp2_common/hardware_claim/claim.c.obj
                0x00000000100005c8                hw_claim_unlock
 .text.hw_claim_or_assert
                0x00000000100005dc       0x32 CMakeFiles/PROJECT_NAME.dir/home/moon/pico/pico-sdk/src/rp2_common/hardware_claim/claim.c.obj
                0x00000000100005dc                hw_claim_or_assert
 .text.hw_claim_unused_from_range
                0x000000001000060e       0x50 CMakeFiles/PROJECT_NAME.dir/home/moon/pico/pico-sdk/src/rp2_common/hardware_claim/claim.c.obj
                0x000000001000060e                hw_claim_unused_from_range
 *fill*         0x000000001000065e        0x2 
 .text.hw_claim_clear
                0x0000000010000660       0x40 CMakeFiles/PROJECT_NAME.dir/home/moon/pico/pico-sdk/src/rp2_common/hardware_claim/claim.c.obj
                0x0000000010000660                hw_claim_clear
 .text.spin_locks_reset
                0x00000000100006a0       0x20 CMakeFiles/PROJECT_NAME.dir/home/moon/pico/pico-sdk/src/rp2_common/hardware_sync/sync.c.obj
                0x00000000100006a0                spin_locks_reset
 .text.next_striped_spin_lock_num
                0x00000000100006c0       0x1c CMakeFiles/PROJECT_NAME.dir/home/moon/pico/pico-sdk/src/rp2_common/hardware_sync/sync.c.obj
                0x00000000100006c0                next_striped_spin_lock_num
 .text.spin_lock_claim_unused
                0x00000000100006dc       0x20 CMakeFiles/PROJECT_NAME.dir/home/moon/pico/pico-sdk/src/rp2_common/hardware_sync/sync.c.obj
                0x00000000100006dc                spin_lock_claim_unused
 .text.set_raw_irq_handler_and_unlock
                0x00000000100006fc       0x28 CMakeFiles/PROJECT_NAME.dir/home/moon/pico/pico-sdk/src/rp2_common/hardware_irq/irq.c.obj
 .text.get_user_irq_claim_index
                0x0000000010000724        0x6 CMakeFiles/PROJECT_NAME.dir/home/moon/pico/pico-sdk/src/rp2_common/hardware_irq/irq.c.obj
 *fill*         0x000000001000072a        0x2 
 .text.make_branch
                0x000000001000072c       0x48 CMakeFiles/PROJECT_NAME.dir/home/moon/pico/pico-sdk/src/rp2_common/hardware_irq/irq.c.obj
 .text.insert_branch_and_link
                0x0000000010000774       0x40 CMakeFiles/PROJECT_NAME.dir/home/moon/pico/pico-sdk/src/rp2_common/hardware_irq/irq.c.obj
 .text.irq_is_enabled
                0x00000000100007b4       0x18 CMakeFiles/PROJECT_NAME.dir/home/moon/pico/pico-sdk/src/rp2_common/hardware_irq/irq.c.obj
                0x00000000100007b4                irq_is_enabled
 .text.irq_set_mask_enabled
                0x00000000100007cc       0x20 CMakeFiles/PROJECT_NAME.dir/home/moon/pico/pico-sdk/src/rp2_common/hardware_irq/irq.c.obj
                0x00000000100007cc                irq_set_mask_enabled
 .text.irq_set_enabled
                0x00000000100007ec        0xe CMakeFiles/PROJECT_NAME.dir/home/moon/pico/pico-sdk/src/rp2_common/hardware_irq/irq.c.obj
                0x00000000100007ec                irq_set_enabled
 *fill*         0x00000000100007fa        0x2 
 .text.irq_set_pending
                0x00000000100007fc       0x10 CMakeFiles/PROJECT_NAME.dir/home/moon/pico/pico-sdk/src/rp2_common/hardware_irq/irq.c.obj
                0x00000000100007fc                irq_set_pending
 .text.irq_get_vtable_handler
                0x000000001000080c       0x10 CMakeFiles/PROJECT_NAME.dir/home/moon/pico/pico-sdk/src/rp2_common/hardware_irq/irq.c.obj
                0x000000001000080c                irq_get_vtable_handler
 .text.irq_has_shared_handler
                0x000000001000081c       0x24 CMakeFiles/PROJECT_NAME.dir/home/moon/pico/pico-sdk/src/rp2_common/hardware_irq/irq.c.obj
                0x000000001000081c                irq_has_shared_handler
 .text.irq_set_exclusive_handler
                0x0000000010000840       0x54 CMakeFiles/PROJECT_NAME.dir/home/moon/pico/pico-sdk/src/rp2_common/hardware_irq/irq.c.obj
                0x0000000010000840                irq_set_exclusive_handler
 .text.irq_add_shared_handler
                0x0000000010000894      0x234 CMakeFiles/PROJECT_NAME.dir/home/moon/pico/pico-sdk/src/rp2_common/hardware_irq/irq.c.obj
                0x0000000010000894                irq_add_shared_handler
 .text.irq_remove_handler
                0x0000000010000ac8      0x1ac CMakeFiles/PROJECT_NAME.dir/home/moon/pico/pico-sdk/src/rp2_common/hardware_irq/irq.c.obj
                0x0000000010000ac8                irq_remove_handler
 .text.irq_set_priority
                0x0000000010000c74       0x28 CMakeFiles/PROJECT_NAME.dir/home/moon/pico/pico-sdk/src/rp2_common/hardware_irq/irq.c.obj
                0x0000000010000c74                irq_set_priority
 .text.irq_add_tail_to_free_list
                0x0000000010000c9c       0xf0 CMakeFiles/PROJECT_NAME.dir/home/moon/pico/pico-sdk/src/rp2_common/hardware_irq/irq.c.obj
                0x0000000010000c9c                irq_add_tail_to_free_list
 .text.irq_init_priorities
                0x0000000010000d8c       0x1c CMakeFiles/PROJECT_NAME.dir/home/moon/pico/pico-sdk/src/rp2_common/hardware_irq/irq.c.obj
                0x0000000010000d8c                irq_init_priorities
 .text.user_irq_unclaim
                0x0000000010000da8       0x14 CMakeFiles/PROJECT_NAME.dir/home/moon/pico/pico-sdk/src/rp2_common/hardware_irq/irq.c.obj
                0x0000000010000da8                user_irq_unclaim
 .text.user_irq_claim_unused
                0x0000000010000dbc       0x28 CMakeFiles/PROJECT_NAME.dir/home/moon/pico/pico-sdk/src/rp2_common/hardware_irq/irq.c.obj
                0x0000000010000dbc                user_irq_claim_unused
 .text.sem_init
                0x0000000010000de4       0x1e CMakeFiles/PROJECT_NAME.dir/home/moon/pico/pico-sdk/src/common/pico_sync/sem.c.obj
                0x0000000010000de4                sem_init
 *fill*         0x0000000010000e02        0x2 
 .text.lock_init
                0x0000000010000e04       0x10 CMakeFiles/PROJECT_NAME.dir/home/moon/pico/pico-sdk/src/common/pico_sync/lock_core.c.obj
                0x0000000010000e04                lock_init
 .text.mutex_init
                0x0000000010000e14       0x1a CMakeFiles/PROJECT_NAME.dir/home/moon/pico/pico-sdk/src/common/pico_sync/mutex.c.obj
                0x0000000010000e14                mutex_init
 .text.recursive_mutex_init
                0x0000000010000e2e       0x1e CMakeFiles/PROJECT_NAME.dir/home/moon/pico/pico-sdk/src/common/pico_sync/mutex.c.obj
                0x0000000010000e2e                recursive_mutex_init
 .text.critical_section_init_with_lock_num
                0x0000000010000e4c       0x14 CMakeFiles/PROJECT_NAME.dir/home/moon/pico/pico-sdk/src/common/pico_sync/critical_section.c.obj
                0x0000000010000e4c                critical_section_init_with_lock_num
 .text.critical_section_init
                0x0000000010000e60       0x14 CMakeFiles/PROJECT_NAME.dir/home/moon/pico/pico-sdk/src/common/pico_sync/critical_section.c.obj
                0x0000000010000e60                critical_section_init
 .text.alarm_pool_post_alloc_init
                0x0000000010000e74       0x40 CMakeFiles/PROJECT_NAME.dir/home/moon/pico/pico-sdk/src/common/pico_time/time.c.obj
 .text.sleep_until_callback
                0x0000000010000eb4       0x30 CMakeFiles/PROJECT_NAME.dir/home/moon/pico/pico-sdk/src/common/pico_time/time.c.obj
 .text.timer_pool_entry_comparator
                0x0000000010000ee4       0x7c CMakeFiles/PROJECT_NAME.dir/home/moon/pico/pico-sdk/src/common/pico_time/time.c.obj
                0x0000000010000ee4                timer_pool_entry_comparator
 .text.ph_add_child_node
                0x0000000010000f60       0xa4 CMakeFiles/PROJECT_NAME.dir/home/moon/pico/pico-sdk/src/common/pico_time/time.c.obj
 .text.ph_merge_nodes
                0x0000000010001004       0x3e CMakeFiles/PROJECT_NAME.dir/home/moon/pico/pico-sdk/src/common/pico_time/time.c.obj
 *fill*         0x0000000010001042        0x2 
 .text.add_alarm_under_lock
                0x0000000010001044      0x174 CMakeFiles/PROJECT_NAME.dir/home/moon/pico/pico-sdk/src/common/pico_time/time.c.obj
 .text.alarm_pool_alarm_callback
                0x00000000100011b8      0x33c CMakeFiles/PROJECT_NAME.dir/home/moon/pico/pico-sdk/src/common/pico_time/time.c.obj
 .text.alarm_pool_init_default
                0x00000000100014f4       0x40 CMakeFiles/PROJECT_NAME.dir/home/moon/pico/pico-sdk/src/common/pico_time/time.c.obj
                0x00000000100014f4                alarm_pool_init_default
 .text.alarm_pool_get_default
                0x0000000010001534       0x2c CMakeFiles/PROJECT_NAME.dir/home/moon/pico/pico-sdk/src/common/pico_time/time.c.obj
                0x0000000010001534                alarm_pool_get_default
 .text.alarm_pool_add_alarm_at
                0x0000000010001560      0x168 CMakeFiles/PROJECT_NAME.dir/home/moon/pico/pico-sdk/src/common/pico_time/time.c.obj
                0x0000000010001560                alarm_pool_add_alarm_at
 .text.alarm_pool_cancel_alarm
                0x00000000100016c8       0xf8 CMakeFiles/PROJECT_NAME.dir/home/moon/pico/pico-sdk/src/common/pico_time/time.c.obj
                0x00000000100016c8                alarm_pool_cancel_alarm
 .text.alarm_pool_core_num
                0x00000000100017c0        0x4 CMakeFiles/PROJECT_NAME.dir/home/moon/pico/pico-sdk/src/common/pico_time/time.c.obj
                0x00000000100017c0                alarm_pool_core_num
 .text.sleep_until
                0x00000000100017c4       0xfc CMakeFiles/PROJECT_NAME.dir/home/moon/pico/pico-sdk/src/common/pico_time/time.c.obj
                0x00000000100017c4                sleep_until
 .text.sleep_us
                0x00000000100018c0       0x58 CMakeFiles/PROJECT_NAME.dir/home/moon/pico/pico-sdk/src/common/pico_time/time.c.obj
                0x00000000100018c0                sleep_us
 .text.sleep_ms
                0x0000000010001918       0x14 CMakeFiles/PROJECT_NAME.dir/home/moon/pico/pico-sdk/src/common/pico_time/time.c.obj
                0x0000000010001918                sleep_ms
 .text.best_effort_wfe_or_timeout
                0x000000001000192c       0xac CMakeFiles/PROJECT_NAME.dir/home/moon/pico/pico-sdk/src/common/pico_time/time.c.obj
                0x000000001000192c                best_effort_wfe_or_timeout
 .text.hardware_alarm_irq_handler
                0x00000000100019d8       0x90 CMakeFiles/PROJECT_NAME.dir/home/moon/pico/pico-sdk/src/rp2_common/hardware_timer/timer.c.obj
 .text.hardware_alarm_claim
                0x0000000010001a68       0x18 CMakeFiles/PROJECT_NAME.dir/home/moon/pico/pico-sdk/src/rp2_common/hardware_timer/timer.c.obj
                0x0000000010001a68                hardware_alarm_claim
 .text.time_us_64
                0x0000000010001a80       0x18 CMakeFiles/PROJECT_NAME.dir/home/moon/pico/pico-sdk/src/rp2_common/hardware_timer/timer.c.obj
                0x0000000010001a80                time_us_64
 .text.busy_wait_until
                0x0000000010001a98       0x28 CMakeFiles/PROJECT_NAME.dir/home/moon/pico/pico-sdk/src/rp2_common/hardware_timer/timer.c.obj
                0x0000000010001a98                busy_wait_until
 .text.hardware_alarm_set_callback
                0x0000000010001ac0       0x90 CMakeFiles/PROJECT_NAME.dir/home/moon/pico/pico-sdk/src/rp2_common/hardware_timer/timer.c.obj
                0x0000000010001ac0                hardware_alarm_set_callback
 .text.hardware_alarm_set_target
                0x0000000010001b50       0xe8 CMakeFiles/PROJECT_NAME.dir/home/moon/pico/pico-sdk/src/rp2_common/hardware_timer/timer.c.obj
                0x0000000010001b50                hardware_alarm_set_target
 .text.hardware_alarm_cancel
                0x0000000010001c38       0x40 CMakeFiles/PROJECT_NAME.dir/home/moon/pico/pico-sdk/src/rp2_common/hardware_timer/timer.c.obj
                0x0000000010001c38                hardware_alarm_cancel
 .text.ph_add_child_node
                0x0000000010001c78       0xa4 CMakeFiles/PROJECT_NAME.dir/home/moon/pico/pico-sdk/src/common/pico_util/pheap.c.obj
 .text.ph_merge_nodes
                0x0000000010001d1c       0x3e CMakeFiles/PROJECT_NAME.dir/home/moon/pico/pico-sdk/src/common/pico_util/pheap.c.obj
 *fill*         0x0000000010001d5a        0x2 
 .text.ph_clear
                0x0000000010001d5c       0x70 CMakeFiles/PROJECT_NAME.dir/home/moon/pico/pico-sdk/src/common/pico_util/pheap.c.obj
                0x0000000010001d5c                ph_clear
 .text.ph_post_alloc_init
                0x0000000010001dcc        0xe CMakeFiles/PROJECT_NAME.dir/home/moon/pico/pico-sdk/src/common/pico_util/pheap.c.obj
                0x0000000010001dcc                ph_post_alloc_init
 *fill*         0x0000000010001dda        0x2 
 .text.ph_merge_two_pass
                0x0000000010001ddc       0xa8 CMakeFiles/PROJECT_NAME.dir/home/moon/pico/pico-sdk/src/common/pico_util/pheap.c.obj
                0x0000000010001ddc                ph_merge_two_pass
 .text.ph_remove_any_head
                0x0000000010001e84      0x128 CMakeFiles/PROJECT_NAME.dir/home/moon/pico/pico-sdk/src/common/pico_util/pheap.c.obj
 .text.ph_remove_head
                0x0000000010001fac       0x14 CMakeFiles/PROJECT_NAME.dir/home/moon/pico/pico-sdk/src/common/pico_util/pheap.c.obj
                0x0000000010001fac                ph_remove_head
 .text.ph_remove_and_free_node
                0x0000000010001fc0       0xf8 CMakeFiles/PROJECT_NAME.dir/home/moon/pico/pico-sdk/src/common/pico_util/pheap.c.obj
                0x0000000010001fc0                ph_remove_and_free_node
 .text.clock_configure
                0x00000000100020b8      0x108 CMakeFiles/PROJECT_NAME.dir/home/moon/pico/pico-sdk/src/rp2_common/hardware_clocks/clocks.c.obj
                0x00000000100020b8                clock_configure
 .text.clocks_init
                0x00000000100021c0      0x100 CMakeFiles/PROJECT_NAME.dir/home/moon/pico/pico-sdk/src/rp2_common/hardware_clocks/clocks.c.obj
                0x00000000100021c0                clocks_init
 .text.clock_get_hz
                0x00000000100022c0        0xc CMakeFiles/PROJECT_NAME.dir/home/moon/pico/pico-sdk/src/rp2_common/hardware_clocks/clocks.c.obj
                0x00000000100022c0                clock_get_hz
 .text.pll_init
                0x00000000100022cc      0x120 CMakeFiles/PROJECT_NAME.dir/home/moon/pico/pico-sdk/src/rp2_common/hardware_pll/pll.c.obj
                0x00000000100022cc                pll_init
 .text.watchdog_start_tick
                0x00000000100023ec       0x10 CMakeFiles/PROJECT_NAME.dir/home/moon/pico/pico-sdk/src/rp2_common/hardware_watchdog/watchdog.c.obj
                0x00000000100023ec                watchdog_start_tick
 .text.watchdog_update
                0x00000000100023fc       0x14 CMakeFiles/PROJECT_NAME.dir/home/moon/pico/pico-sdk/src/rp2_common/hardware_watchdog/watchdog.c.obj
                0x00000000100023fc                watchdog_update
 .text._watchdog_enable
                0x0000000010002410       0x78 CMakeFiles/PROJECT_NAME.dir/home/moon/pico/pico-sdk/src/rp2_common/hardware_watchdog/watchdog.c.obj
                0x0000000010002410                _watchdog_enable
 .text.watchdog_reboot
                0x0000000010002488       0x48 CMakeFiles/PROJECT_NAME.dir/home/moon/pico/pico-sdk/src/rp2_common/hardware_watchdog/watchdog.c.obj
                0x0000000010002488                watchdog_reboot
 .text.xosc_init
                0x00000000100024d0       0x28 CMakeFiles/PROJECT_NAME.dir/home/moon/pico/pico-sdk/src/rp2_common/hardware_xosc/xosc.c.obj
                0x00000000100024d0                xosc_init
 .text._exit    0x00000000100024f8        0x4 CMakeFiles/PROJECT_NAME.dir/home/moon/pico/pico-sdk/src/rp2_common/pico_runtime/runtime.c.obj
                0x00000000100024f8                _exit
 .text.exit     0x00000000100024fc        0x6 CMakeFiles/PROJECT_NAME.dir/home/moon/pico/pico-sdk/src/rp2_common/pico_runtime/runtime.c.obj
                0x00000000100024fc                exit
 *fill*         0x0000000010002502        0x2 
 .text.__assert_func
                0x0000000010002504       0x3c CMakeFiles/PROJECT_NAME.dir/home/moon/pico/pico-sdk/src/rp2_common/pico_runtime/runtime.c.obj
                0x0000000010002504                __assert_func
 .text.runtime_init
                0x0000000010002540       0xf8 CMakeFiles/PROJECT_NAME.dir/home/moon/pico/pico-sdk/src/rp2_common/pico_runtime/runtime.c.obj
                0x0000000010002540                runtime_init
 .text.panic    0x0000000010002638       0x30 CMakeFiles/PROJECT_NAME.dir/home/moon/pico/pico-sdk/src/rp2_common/pico_runtime/runtime.c.obj
                0x0000000010002638                panic
 .text.panic_unsupported
                0x0000000010002668        0xc CMakeFiles/PROJECT_NAME.dir/home/moon/pico/pico-sdk/src/rp2_common/pico_runtime/runtime.c.obj
                0x0000000010002668                panic_unsupported
 .text._out_null
                0x0000000010002674        0x2 CMakeFiles/PROJECT_NAME.dir/home/moon/pico/pico-sdk/src/rp2_common/pico_printf/printf.c.obj
 .text._out_fct
                0x0000000010002676        0xe CMakeFiles/PROJECT_NAME.dir/home/moon/pico/pico-sdk/src/rp2_common/pico_printf/printf.c.obj
 .text._atoi    0x0000000010002684       0x24 CMakeFiles/PROJECT_NAME.dir/home/moon/pico/pico-sdk/src/rp2_common/pico_printf/printf.c.obj
 .text._out_rev
                0x00000000100026a8       0xae CMakeFiles/PROJECT_NAME.dir/home/moon/pico/pico-sdk/src/rp2_common/pico_printf/printf.c.obj
 .text._ntoa_format
                0x0000000010002756      0x112 CMakeFiles/PROJECT_NAME.dir/home/moon/pico/pico-sdk/src/rp2_common/pico_printf/printf.c.obj
 .text._ntoa_long
                0x0000000010002868       0xbc CMakeFiles/PROJECT_NAME.dir/home/moon/pico/pico-sdk/src/rp2_common/pico_printf/printf.c.obj
 .text._ntoa_long_long
                0x0000000010002924       0xe2 CMakeFiles/PROJECT_NAME.dir/home/moon/pico/pico-sdk/src/rp2_common/pico_printf/printf.c.obj
 *fill*         0x0000000010002a06        0x2 
 .text._etoa    0x0000000010002a08      0x414 CMakeFiles/PROJECT_NAME.dir/home/moon/pico/pico-sdk/src/rp2_common/pico_printf/printf.c.obj
 .text._ftoa    0x0000000010002e1c      0x354 CMakeFiles/PROJECT_NAME.dir/home/moon/pico/pico-sdk/src/rp2_common/pico_printf/printf.c.obj
 .text._vsnprintf
                0x0000000010003170      0x624 CMakeFiles/PROJECT_NAME.dir/home/moon/pico/pico-sdk/src/rp2_common/pico_printf/printf.c.obj
 .text.vfctprintf
                0x0000000010003794       0x20 CMakeFiles/PROJECT_NAME.dir/home/moon/pico/pico-sdk/src/rp2_common/pico_printf/printf.c.obj
                0x0000000010003794                vfctprintf
 .text          0x00000000100037b4       0x10 CMakeFiles/PROJECT_NAME.dir/home/moon/pico/pico-sdk/src/rp2_common/pico_bit_ops/bit_ops_aeabi.S.obj
 .text.ctzsi    0x00000000100037c4        0xc CMakeFiles/PROJECT_NAME.dir/home/moon/pico/pico-sdk/src/rp2_common/pico_bit_ops/bit_ops_aeabi.S.obj
                0x00000000100037c4                __wrap___ctzsi2
 .text.rom_func_lookup
                0x00000000100037d0       0x10 CMakeFiles/PROJECT_NAME.dir/home/moon/pico/pico-sdk/src/rp2_common/pico_bootrom/bootrom.c.obj
                0x00000000100037d0                rom_func_lookup
 .text.rom_data_lookup
                0x00000000100037e0       0x10 CMakeFiles/PROJECT_NAME.dir/home/moon/pico/pico-sdk/src/rp2_common/pico_bootrom/bootrom.c.obj
                0x00000000100037e0                rom_data_lookup
 .text.rom_funcs_lookup
                0x00000000100037f0       0x36 CMakeFiles/PROJECT_NAME.dir/home/moon/pico/pico-sdk/src/rp2_common/pico_bootrom/bootrom.c.obj
                0x00000000100037f0                rom_funcs_lookup
 *fill*         0x0000000010003826        0x2 
 .text.__wrap___aeabi_idiv
                0x0000000010003828       0x50 CMakeFiles/PROJECT_NAME.dir/home/moon/pico/pico-sdk/src/rp2_common/pico_divider/divider.S.obj
                0x0000000010003828                __wrap___aeabi_idivmod
                0x0000000010003828                divmod_s32s32
                0x0000000010003828                div_s32s32
                0x0000000010003828                __wrap___aeabi_idiv
                0x0000000010003830                divmod_s32s32_unsafe
                0x000000001000385c                divmod_s32s32_savestate
 .text.__wrap___aeabi_uidiv
                0x0000000010003878       0x4c CMakeFiles/PROJECT_NAME.dir/home/moon/pico/pico-sdk/src/rp2_common/pico_divider/divider.S.obj
                0x0000000010003878                __wrap___aeabi_uidiv
                0x0000000010003878                __wrap___aeabi_uidivmod
                0x0000000010003878                div_u32u32
                0x0000000010003878                divmod_u32u32
                0x0000000010003880                divmod_u32u32_unsafe
                0x00000000100038a8                divmod_u32u32_savestate
 .text.__wrap___aeabi_ldiv
                0x00000000100038c4      0x424 CMakeFiles/PROJECT_NAME.dir/home/moon/pico/pico-sdk/src/rp2_common/pico_divider/divider.S.obj
                0x00000000100038c4                div_s64s64
                0x00000000100038c4                divmod_s64s64
                0x00000000100038c4                __wrap___aeabi_ldivmod
                0x00000000100038f4                div_u64u64
                0x00000000100038f4                divmod_u64u64
                0x00000000100038f4                __wrap___aeabi_uldivmod
                0x0000000010003904                divmod_u64u64_savestate
                0x0000000010003924                divmod_s64s64_unsafe
                0x00000000100039ac                divmod_u64u64_unsafe
 .text.__wrap___aeabi_darithmetic
                0x0000000010003ce8       0x60 CMakeFiles/PROJECT_NAME.dir/home/moon/pico/pico-sdk/src/rp2_common/pico_double/double_aeabi.S.obj
                0x0000000010003ce8                __wrap___aeabi_drsub
                0x0000000010003cee                __wrap___aeabi_dsub
                0x0000000010003cf8                __wrap___aeabi_dadd
                0x0000000010003d02                __wrap___aeabi_ddiv
                0x0000000010003d36                __wrap___aeabi_dmul
 .text.__wrap___aeabi_cdcmple
                0x0000000010003d48       0x6c CMakeFiles/PROJECT_NAME.dir/home/moon/pico/pico-sdk/src/rp2_common/pico_double/double_aeabi.S.obj
                0x0000000010003d48                __wrap___aeabi_cdrcmple
                0x0000000010003d58                __wrap___aeabi_cdcmple
                0x0000000010003d58                __wrap___aeabi_cdcmpeq
 .text.__wrap___aeabi_dcmplt
                0x0000000010003db4        0xc CMakeFiles/PROJECT_NAME.dir/home/moon/pico/pico-sdk/src/rp2_common/pico_double/double_aeabi.S.obj
                0x0000000010003db4                __wrap___aeabi_dcmplt
 .text.__wrap___aeabi_dcmple
                0x0000000010003dc0       0x10 CMakeFiles/PROJECT_NAME.dir/home/moon/pico/pico-sdk/src/rp2_common/pico_double/double_aeabi.S.obj
                0x0000000010003dc0                __wrap___aeabi_dcmple
 .text.__wrap___aeabi_dcmpge
                0x0000000010003dd0       0x10 CMakeFiles/PROJECT_NAME.dir/home/moon/pico/pico-sdk/src/rp2_common/pico_double/double_aeabi.S.obj
                0x0000000010003dd0                __wrap___aeabi_dcmpge
 .text.__wrap___aeabi_dcmpgt
                0x0000000010003de0        0xa CMakeFiles/PROJECT_NAME.dir/home/moon/pico/pico-sdk/src/rp2_common/pico_double/double_aeabi.S.obj
                0x0000000010003de0                __wrap___aeabi_dcmpgt
 .text.__wrap___aeabi_dcmpun
                0x0000000010003dea       0x1c CMakeFiles/PROJECT_NAME.dir/home/moon/pico/pico-sdk/src/rp2_common/pico_double/double_aeabi.S.obj
                0x0000000010003dea                __wrap___aeabi_dcmpun
 *fill*         0x0000000010003e06        0x2 
 .text.__wrap___aeabi_i2d
                0x0000000010003e08       0x38 CMakeFiles/PROJECT_NAME.dir/home/moon/pico/pico-sdk/src/rp2_common/pico_double/double_aeabi.S.obj
                0x0000000010003e08                __wrap___aeabi_ui2d
                0x0000000010003e10                __wrap___aeabi_i2d
 .text.__wrap___aeabi_d2iz
                0x0000000010003e40       0x48 CMakeFiles/PROJECT_NAME.dir/home/moon/pico/pico-sdk/src/rp2_common/pico_double/double_aeabi.S.obj
                0x0000000010003e40                __wrap___aeabi_d2iz
                0x0000000010003e40                double2int_z
 .text.__wrap___aeabi_d2uiz
                0x0000000010003e88       0x10 CMakeFiles/PROJECT_NAME.dir/home/moon/pico/pico-sdk/src/rp2_common/pico_double/double_aeabi.S.obj
                0x0000000010003e88                double2uint
                0x0000000010003e88                __wrap___aeabi_d2uiz
 .text.missing_double_func_shim
                0x0000000010003e98        0xc CMakeFiles/PROJECT_NAME.dir/home/moon/pico/pico-sdk/src/rp2_common/pico_double/double_init_rom.c.obj
 .text.__aeabi_double_init
                0x0000000010003ea4       0xcc CMakeFiles/PROJECT_NAME.dir/home/moon/pico/pico-sdk/src/rp2_common/pico_double/double_init_rom.c.obj
                0x0000000010003ea4                __aeabi_double_init
 .text.double_table_shim_on_use_helper
                0x0000000010003f70       0x34 CMakeFiles/PROJECT_NAME.dir/home/moon/pico/pico-sdk/src/rp2_common/pico_double/double_v1_rom_shim.S.obj
                0x0000000010003f70                double_table_shim_on_use_helper
 .text.__aeabi_lmul
                0x0000000010003fa4       0x32 CMakeFiles/PROJECT_NAME.dir/home/moon/pico/pico-sdk/src/rp2_common/pico_int64_ops/pico_int64_ops_aeabi.S.obj
                0x0000000010003fa4                __wrap___aeabi_lmul
 *fill*         0x0000000010003fd6        0x2 
 .text.missing_float_func_shim
                0x0000000010003fd8        0xc CMakeFiles/PROJECT_NAME.dir/home/moon/pico/pico-sdk/src/rp2_common/pico_float/float_init_rom.c.obj
 .text.__aeabi_float_init
                0x0000000010003fe4       0x88 CMakeFiles/PROJECT_NAME.dir/home/moon/pico/pico-sdk/src/rp2_common/pico_float/float_init_rom.c.obj
                0x0000000010003fe4                __aeabi_float_init
 .text          0x000000001000406c       0x10 CMakeFiles/PROJECT_NAME.dir/home/moon/pico/pico-sdk/src/rp2_common/pico_mem_ops/mem_ops_aeabi.S.obj
                0x000000001000406c                __aeabi_mem_init
 .text.memset   0x000000001000407c        0xc CMakeFiles/PROJECT_NAME.dir/home/moon/pico/pico-sdk/src/rp2_common/pico_mem_ops/mem_ops_aeabi.S.obj
                0x000000001000407c                __wrap_memset
 .text.memcpy   0x0000000010004088        0xc CMakeFiles/PROJECT_NAME.dir/home/moon/pico/pico-sdk/src/rp2_common/pico_mem_ops/mem_ops_aeabi.S.obj
                0x0000000010004088                __wrap___aeabi_memcpy
                0x0000000010004088                __wrap_memcpy
 .text.stdio_out_chars_no_crlf
                0x0000000010004094        0xe CMakeFiles/PROJECT_NAME.dir/home/moon/pico/pico-sdk/src/rp2_common/pico_stdio/stdio.c.obj
 *fill*         0x00000000100040a2        0x2 
 .text.stdio_out_chars_crlf
                0x00000000100040a4       0x80 CMakeFiles/PROJECT_NAME.dir/home/moon/pico/pico-sdk/src/rp2_common/pico_stdio/stdio.c.obj
 .text.stdio_stack_buffer_flush
                0x0000000010004124       0x44 CMakeFiles/PROJECT_NAME.dir/home/moon/pico/pico-sdk/src/rp2_common/pico_stdio/stdio.c.obj
 .text.stdio_buffered_printer
                0x0000000010004168       0x20 CMakeFiles/PROJECT_NAME.dir/home/moon/pico/pico-sdk/src/rp2_common/pico_stdio/stdio.c.obj
 .text.stdout_serialize_begin
                0x0000000010004188       0x5c CMakeFiles/PROJECT_NAME.dir/home/moon/pico/pico-sdk/src/rp2_common/pico_stdio/stdio.c.obj
                0x0000000010004188                stdout_serialize_begin
 .text.stdout_serialize_end
                0x00000000100041e4       0x10 CMakeFiles/PROJECT_NAME.dir/home/moon/pico/pico-sdk/src/rp2_common/pico_stdio/stdio.c.obj
                0x00000000100041e4                stdout_serialize_end
 .text.stdio_put_string
                0x00000000100041f4       0x98 CMakeFiles/PROJECT_NAME.dir/home/moon/pico/pico-sdk/src/rp2_common/pico_stdio/stdio.c.obj
 .text._write   0x000000001000428c       0x22 CMakeFiles/PROJECT_NAME.dir/home/moon/pico/pico-sdk/src/rp2_common/pico_stdio/stdio.c.obj
                0x000000001000428c                _write
 *fill*         0x00000000100042ae        0x2 
 .text.stdio_set_driver_enabled
                0x00000000100042b0       0x2c CMakeFiles/PROJECT_NAME.dir/home/moon/pico/pico-sdk/src/rp2_common/pico_stdio/stdio.c.obj
                0x00000000100042b0                stdio_set_driver_enabled
 .text.stdio_flush
                0x00000000100042dc       0x20 CMakeFiles/PROJECT_NAME.dir/home/moon/pico/pico-sdk/src/rp2_common/pico_stdio/stdio.c.obj
                0x00000000100042dc                stdio_flush
 .text.__wrap_puts
                0x00000000100042fc       0x1e CMakeFiles/PROJECT_NAME.dir/home/moon/pico/pico-sdk/src/rp2_common/pico_stdio/stdio.c.obj
                0x00000000100042fc                __wrap_puts
 *fill*         0x000000001000431a        0x2 
 .text.__wrap_vprintf
                0x000000001000431c       0x40 CMakeFiles/PROJECT_NAME.dir/home/moon/pico/pico-sdk/src/rp2_common/pico_stdio/stdio.c.obj
                0x000000001000431c                __wrap_vprintf
 .text.__wrap_printf
                0x000000001000435c       0x18 CMakeFiles/PROJECT_NAME.dir/home/moon/pico/pico-sdk/src/rp2_common/pico_stdio/stdio.c.obj
                0x000000001000435c                __wrap_printf
 .text.stdio_init_all
                0x0000000010004374        0x8 CMakeFiles/PROJECT_NAME.dir/home/moon/pico/pico-sdk/src/rp2_common/pico_stdio/stdio.c.obj
                0x0000000010004374                stdio_init_all
 .text.resetd_init
                0x000000001000437c        0x2 CMakeFiles/PROJECT_NAME.dir/home/moon/pico/pico-sdk/src/rp2_common/pico_stdio_usb/reset_interface.c.obj
 *fill*         0x000000001000437e        0x2 
 .text.resetd_reset
                0x0000000010004380        0xc CMakeFiles/PROJECT_NAME.dir/home/moon/pico/pico-sdk/src/rp2_common/pico_stdio_usb/reset_interface.c.obj
 .text.resetd_open
                0x000000001000438c       0x34 CMakeFiles/PROJECT_NAME.dir/home/moon/pico/pico-sdk/src/rp2_common/pico_stdio_usb/reset_interface.c.obj
 .text.resetd_xfer_cb
                0x00000000100043c0        0x4 CMakeFiles/PROJECT_NAME.dir/home/moon/pico/pico-sdk/src/rp2_common/pico_stdio_usb/reset_interface.c.obj
 .text.reset_usb_boot
                0x00000000100043c4       0x18 CMakeFiles/PROJECT_NAME.dir/home/moon/pico/pico-sdk/src/rp2_common/pico_stdio_usb/reset_interface.c.obj
 .text.resetd_control_xfer_cb
                0x00000000100043dc       0x5c CMakeFiles/PROJECT_NAME.dir/home/moon/pico/pico-sdk/src/rp2_common/pico_stdio_usb/reset_interface.c.obj
 .text.usbd_app_driver_get_cb
                0x0000000010004438        0xc CMakeFiles/PROJECT_NAME.dir/home/moon/pico/pico-sdk/src/rp2_common/pico_stdio_usb/reset_interface.c.obj
                0x0000000010004438                usbd_app_driver_get_cb
 .text.tud_cdc_line_coding_cb
                0x0000000010004444       0x28 CMakeFiles/PROJECT_NAME.dir/home/moon/pico/pico-sdk/src/rp2_common/pico_stdio_usb/reset_interface.c.obj
                0x0000000010004444                tud_cdc_line_coding_cb
 .text.stdio_usb_set_chars_available_callback
                0x000000001000446c       0x14 CMakeFiles/PROJECT_NAME.dir/home/moon/pico/pico-sdk/src/rp2_common/pico_stdio_usb/stdio_usb.c.obj
                0x000000001000446c                stdio_usb_set_chars_available_callback
 .text.usb_irq  0x0000000010004480       0x10 CMakeFiles/PROJECT_NAME.dir/home/moon/pico/pico-sdk/src/rp2_common/pico_stdio_usb/stdio_usb.c.obj
 .text.timer_task
                0x0000000010004490       0x5c CMakeFiles/PROJECT_NAME.dir/home/moon/pico/pico-sdk/src/rp2_common/pico_stdio_usb/stdio_usb.c.obj
 .text.low_priority_worker_irq
                0x00000000100044ec       0xdc CMakeFiles/PROJECT_NAME.dir/home/moon/pico/pico-sdk/src/rp2_common/pico_stdio_usb/stdio_usb.c.obj
 .text.tud_cdc_rx_cb
                0x00000000100045c8       0x20 CMakeFiles/PROJECT_NAME.dir/home/moon/pico/pico-sdk/src/rp2_common/pico_stdio_usb/stdio_usb.c.obj
                0x00000000100045c8                tud_cdc_rx_cb
 .text.stdio_usb_init
                0x00000000100045e8      0x11c CMakeFiles/PROJECT_NAME.dir/home/moon/pico/pico-sdk/src/rp2_common/pico_stdio_usb/stdio_usb.c.obj
                0x00000000100045e8                stdio_usb_init
 .text.stdio_usb_connected
                0x0000000010004704        0xa CMakeFiles/PROJECT_NAME.dir/home/moon/pico/pico-sdk/src/rp2_common/pico_stdio_usb/stdio_usb.c.obj
                0x0000000010004704                stdio_usb_connected
 *fill*         0x000000001000470e        0x2 
 .text.stdio_usb_in_chars
                0x0000000010004710       0xc4 CMakeFiles/PROJECT_NAME.dir/home/moon/pico/pico-sdk/src/rp2_common/pico_stdio_usb/stdio_usb.c.obj
                0x0000000010004710                stdio_usb_in_chars
 .text.stdio_usb_out_chars
                0x00000000100047d4      0x114 CMakeFiles/PROJECT_NAME.dir/home/moon/pico/pico-sdk/src/rp2_common/pico_stdio_usb/stdio_usb.c.obj
 .text.tud_descriptor_device_cb
                0x00000000100048e8        0x8 CMakeFiles/PROJECT_NAME.dir/home/moon/pico/pico-sdk/src/rp2_common/pico_stdio_usb/stdio_usb_descriptors.c.obj
                0x00000000100048e8                tud_descriptor_device_cb
 .text.tud_descriptor_configuration_cb
                0x00000000100048f0        0x8 CMakeFiles/PROJECT_NAME.dir/home/moon/pico/pico-sdk/src/rp2_common/pico_stdio_usb/stdio_usb_descriptors.c.obj
                0x00000000100048f0                tud_descriptor_configuration_cb
 .text.tud_descriptor_string_cb
                0x00000000100048f8       0x6c CMakeFiles/PROJECT_NAME.dir/home/moon/pico/pico-sdk/src/rp2_common/pico_stdio_usb/stdio_usb_descriptors.c.obj
                0x00000000100048f8                tud_descriptor_string_cb
 .text._retrieve_unique_id_on_boot
                0x0000000010004964       0x10 CMakeFiles/PROJECT_NAME.dir/home/moon/pico/pico-sdk/src/rp2_common/pico_unique_id/unique_id.c.obj
 .text.pico_get_unique_board_id
                0x0000000010004974       0x10 CMakeFiles/PROJECT_NAME.dir/home/moon/pico/pico-sdk/src/rp2_common/pico_unique_id/unique_id.c.obj
                0x0000000010004974                pico_get_unique_board_id
 .text.pico_get_unique_board_id_string
                0x0000000010004984       0x60 CMakeFiles/PROJECT_NAME.dir/home/moon/pico/pico-sdk/src/rp2_common/pico_unique_id/unique_id.c.obj
                0x0000000010004984                pico_get_unique_board_id_string
 .text.flash_get_unique_id
                0x00000000100049e4       0x46 CMakeFiles/PROJECT_NAME.dir/home/moon/pico/pico-sdk/src/rp2_common/hardware_flash/flash.c.obj
                0x00000000100049e4                flash_get_unique_id
 *fill*         0x0000000010004a2a        0x2 
 .text.hw_endpoint_get_by_addr
                0x0000000010004a2c       0x18 CMakeFiles/PROJECT_NAME.dir/home/moon/pico/pico-sdk/lib/tinyusb/src/portable/raspberrypi/rp2040/dcd_rp2040.c.obj
 .text._hw_endpoint_alloc
                0x0000000010004a44       0x70 CMakeFiles/PROJECT_NAME.dir/home/moon/pico/pico-sdk/lib/tinyusb/src/portable/raspberrypi/rp2040/dcd_rp2040.c.obj
 .text.hw_endpoint_init
                0x0000000010004ab4       0x88 CMakeFiles/PROJECT_NAME.dir/home/moon/pico/pico-sdk/lib/tinyusb/src/portable/raspberrypi/rp2040/dcd_rp2040.c.obj
 .text.hw_endpoint_xfer
                0x0000000010004b3c       0x14 CMakeFiles/PROJECT_NAME.dir/home/moon/pico/pico-sdk/lib/tinyusb/src/portable/raspberrypi/rp2040/dcd_rp2040.c.obj
 .text.dcd_int_enable
                0x0000000010004b50       0x2c CMakeFiles/PROJECT_NAME.dir/home/moon/pico/pico-sdk/lib/tinyusb/src/portable/raspberrypi/rp2040/dcd_rp2040.c.obj
                0x0000000010004b50                dcd_int_enable
 .text.dcd_set_address
                0x0000000010004b7c       0x2c CMakeFiles/PROJECT_NAME.dir/home/moon/pico/pico-sdk/lib/tinyusb/src/portable/raspberrypi/rp2040/dcd_rp2040.c.obj
                0x0000000010004b7c                dcd_set_address
 .text.dcd_connect
                0x0000000010004ba8       0x10 CMakeFiles/PROJECT_NAME.dir/home/moon/pico/pico-sdk/lib/tinyusb/src/portable/raspberrypi/rp2040/dcd_rp2040.c.obj
                0x0000000010004ba8                dcd_connect
 .text.dcd_init
                0x0000000010004bb8       0x80 CMakeFiles/PROJECT_NAME.dir/home/moon/pico/pico-sdk/lib/tinyusb/src/portable/raspberrypi/rp2040/dcd_rp2040.c.obj
                0x0000000010004bb8                dcd_init
 .text.dcd_edpt0_status_complete
                0x0000000010004c38       0x1c CMakeFiles/PROJECT_NAME.dir/home/moon/pico/pico-sdk/lib/tinyusb/src/portable/raspberrypi/rp2040/dcd_rp2040.c.obj
                0x0000000010004c38                dcd_edpt0_status_complete
 .text.dcd_edpt_open
                0x0000000010004c54       0x40 CMakeFiles/PROJECT_NAME.dir/home/moon/pico/pico-sdk/lib/tinyusb/src/portable/raspberrypi/rp2040/dcd_rp2040.c.obj
                0x0000000010004c54                dcd_edpt_open
 .text.dcd_edpt_close_all
                0x0000000010004c94        0x8 CMakeFiles/PROJECT_NAME.dir/home/moon/pico/pico-sdk/lib/tinyusb/src/portable/raspberrypi/rp2040/dcd_rp2040.c.obj
                0x0000000010004c94                dcd_edpt_close_all
 .text.dcd_edpt_xfer
                0x0000000010004c9c       0x34 CMakeFiles/PROJECT_NAME.dir/home/moon/pico/pico-sdk/lib/tinyusb/src/portable/raspberrypi/rp2040/dcd_rp2040.c.obj
                0x0000000010004c9c                dcd_edpt_xfer
 .text.dcd_edpt_stall
                0x0000000010004cd0       0x2c CMakeFiles/PROJECT_NAME.dir/home/moon/pico/pico-sdk/lib/tinyusb/src/portable/raspberrypi/rp2040/dcd_rp2040.c.obj
                0x0000000010004cd0                dcd_edpt_stall
 .text.dcd_edpt_clear_stall
                0x0000000010004cfc       0x20 CMakeFiles/PROJECT_NAME.dir/home/moon/pico/pico-sdk/lib/tinyusb/src/portable/raspberrypi/rp2040/dcd_rp2040.c.obj
                0x0000000010004cfc                dcd_edpt_clear_stall
 .text.rp2040_usb_init
                0x0000000010004d1c       0x4c CMakeFiles/PROJECT_NAME.dir/home/moon/pico/pico-sdk/lib/tinyusb/src/portable/raspberrypi/rp2040/rp2040_usb.c.obj
                0x0000000010004d1c                rp2040_usb_init
 .text.hw_endpoint_xfer_start
                0x0000000010004d68       0x50 CMakeFiles/PROJECT_NAME.dir/home/moon/pico/pico-sdk/lib/tinyusb/src/portable/raspberrypi/rp2040/rp2040_usb.c.obj
                0x0000000010004d68                hw_endpoint_xfer_start
 .text.configuration_reset
                0x0000000010004db8       0x84 CMakeFiles/PROJECT_NAME.dir/home/moon/pico/pico-sdk/lib/tinyusb/src/device/usbd.c.obj
 .text.usbd_reset
                0x0000000010004e3c        0xc CMakeFiles/PROJECT_NAME.dir/home/moon/pico/pico-sdk/lib/tinyusb/src/device/usbd.c.obj
 .text.invoke_class_control
                0x0000000010004e48       0x1a CMakeFiles/PROJECT_NAME.dir/home/moon/pico/pico-sdk/lib/tinyusb/src/device/usbd.c.obj
 *fill*         0x0000000010004e62        0x2 
 .text.process_set_config
                0x0000000010004e64      0x178 CMakeFiles/PROJECT_NAME.dir/home/moon/pico/pico-sdk/lib/tinyusb/src/device/usbd.c.obj
 .text.process_get_descriptor
                0x0000000010004fdc       0xdc CMakeFiles/PROJECT_NAME.dir/home/moon/pico/pico-sdk/lib/tinyusb/src/device/usbd.c.obj
 .text.tud_mounted
                0x00000000100050b8       0x10 CMakeFiles/PROJECT_NAME.dir/home/moon/pico/pico-sdk/lib/tinyusb/src/device/usbd.c.obj
                0x00000000100050b8                tud_mounted
 .text.tud_suspended
                0x00000000100050c8       0x10 CMakeFiles/PROJECT_NAME.dir/home/moon/pico/pico-sdk/lib/tinyusb/src/device/usbd.c.obj
                0x00000000100050c8                tud_suspended
 .text.tud_inited
                0x00000000100050d8       0x14 CMakeFiles/PROJECT_NAME.dir/home/moon/pico/pico-sdk/lib/tinyusb/src/device/usbd.c.obj
                0x00000000100050d8                tud_inited
 .text.tud_init
                0x00000000100050ec       0xcc CMakeFiles/PROJECT_NAME.dir/home/moon/pico/pico-sdk/lib/tinyusb/src/device/usbd.c.obj
                0x00000000100050ec                tud_init
 .text.usbd_defer_func
                0x00000000100051b8       0x2a CMakeFiles/PROJECT_NAME.dir/home/moon/pico/pico-sdk/lib/tinyusb/src/device/usbd.c.obj
                0x00000000100051b8                usbd_defer_func
 *fill*         0x00000000100051e2        0x2 
 .text.usbd_edpt_open
                0x00000000100051e4       0x34 CMakeFiles/PROJECT_NAME.dir/home/moon/pico/pico-sdk/lib/tinyusb/src/device/usbd.c.obj
                0x00000000100051e4                usbd_edpt_open
 .text.usbd_open_edpt_pair
                0x0000000010005218       0x62 CMakeFiles/PROJECT_NAME.dir/home/moon/pico/pico-sdk/lib/tinyusb/src/device/usbd.c.obj
                0x0000000010005218                usbd_open_edpt_pair
 *fill*         0x000000001000527a        0x2 
 .text.usbd_edpt_claim
                0x000000001000527c       0x28 CMakeFiles/PROJECT_NAME.dir/home/moon/pico/pico-sdk/lib/tinyusb/src/device/usbd.c.obj
                0x000000001000527c                usbd_edpt_claim
 .text.usbd_edpt_release
                0x00000000100052a4       0x28 CMakeFiles/PROJECT_NAME.dir/home/moon/pico/pico-sdk/lib/tinyusb/src/device/usbd.c.obj
                0x00000000100052a4                usbd_edpt_release
 .text.usbd_edpt_xfer
                0x00000000100052cc       0x78 CMakeFiles/PROJECT_NAME.dir/home/moon/pico/pico-sdk/lib/tinyusb/src/device/usbd.c.obj
                0x00000000100052cc                usbd_edpt_xfer
 .text.usbd_edpt_stall
                0x0000000010005344       0x48 CMakeFiles/PROJECT_NAME.dir/home/moon/pico/pico-sdk/lib/tinyusb/src/device/usbd.c.obj
                0x0000000010005344                usbd_edpt_stall
 .text.usbd_edpt_clear_stall
                0x000000001000538c       0x48 CMakeFiles/PROJECT_NAME.dir/home/moon/pico/pico-sdk/lib/tinyusb/src/device/usbd.c.obj
                0x000000001000538c                usbd_edpt_clear_stall
 .text.usbd_edpt_stalled
                0x00000000100053d4       0x1c CMakeFiles/PROJECT_NAME.dir/home/moon/pico/pico-sdk/lib/tinyusb/src/device/usbd.c.obj
                0x00000000100053d4                usbd_edpt_stalled
 .text.process_control_request
                0x00000000100053f0      0x37c CMakeFiles/PROJECT_NAME.dir/home/moon/pico/pico-sdk/lib/tinyusb/src/device/usbd.c.obj
 .text.tud_task_ext
                0x000000001000576c      0x1b8 CMakeFiles/PROJECT_NAME.dir/home/moon/pico/pico-sdk/lib/tinyusb/src/device/usbd.c.obj
                0x000000001000576c                tud_task_ext
 .text._data_stage_xact
                0x0000000010005924       0x58 CMakeFiles/PROJECT_NAME.dir/home/moon/pico/pico-sdk/lib/tinyusb/src/device/usbd_control.c.obj
 .text.tud_control_status
                0x000000001000597c       0x38 CMakeFiles/PROJECT_NAME.dir/home/moon/pico/pico-sdk/lib/tinyusb/src/device/usbd_control.c.obj
                0x000000001000597c                tud_control_status
 .text.tud_control_xfer
                0x00000000100059b4       0x74 CMakeFiles/PROJECT_NAME.dir/home/moon/pico/pico-sdk/lib/tinyusb/src/device/usbd_control.c.obj
                0x00000000100059b4                tud_control_xfer
 .text.usbd_control_reset
                0x0000000010005a28       0x14 CMakeFiles/PROJECT_NAME.dir/home/moon/pico/pico-sdk/lib/tinyusb/src/device/usbd_control.c.obj
                0x0000000010005a28                usbd_control_reset
 .text.usbd_control_set_complete_callback
                0x0000000010005a3c        0xc CMakeFiles/PROJECT_NAME.dir/home/moon/pico/pico-sdk/lib/tinyusb/src/device/usbd_control.c.obj
                0x0000000010005a3c                usbd_control_set_complete_callback
 .text.usbd_control_set_request
                0x0000000010005a48       0x1c CMakeFiles/PROJECT_NAME.dir/home/moon/pico/pico-sdk/lib/tinyusb/src/device/usbd_control.c.obj
                0x0000000010005a48                usbd_control_set_request
 .text.usbd_control_xfer_cb
                0x0000000010005a64       0xcc CMakeFiles/PROJECT_NAME.dir/home/moon/pico/pico-sdk/lib/tinyusb/src/device/usbd_control.c.obj
                0x0000000010005a64                usbd_control_xfer_cb
 .text._prep_out_transaction
                0x0000000010005b30       0x4a CMakeFiles/PROJECT_NAME.dir/home/moon/pico/pico-sdk/lib/tinyusb/src/class/cdc/cdc_device.c.obj
 *fill*         0x0000000010005b7a        0x2 
 .text.tud_cdc_n_connected
                0x0000000010005b7c       0x44 CMakeFiles/PROJECT_NAME.dir/home/moon/pico/pico-sdk/lib/tinyusb/src/class/cdc/cdc_device.c.obj
                0x0000000010005b7c                tud_cdc_n_connected
 .text.tud_cdc_n_available
                0x0000000010005bc0       0x18 CMakeFiles/PROJECT_NAME.dir/home/moon/pico/pico-sdk/lib/tinyusb/src/class/cdc/cdc_device.c.obj
                0x0000000010005bc0                tud_cdc_n_available
 .text.tud_cdc_n_read
                0x0000000010005bd8       0x28 CMakeFiles/PROJECT_NAME.dir/home/moon/pico/pico-sdk/lib/tinyusb/src/class/cdc/cdc_device.c.obj
                0x0000000010005bd8                tud_cdc_n_read
 .text.tud_cdc_n_write_flush
                0x0000000010005c00       0xb8 CMakeFiles/PROJECT_NAME.dir/home/moon/pico/pico-sdk/lib/tinyusb/src/class/cdc/cdc_device.c.obj
                0x0000000010005c00                tud_cdc_n_write_flush
 .text.tud_cdc_n_write
                0x0000000010005cb8       0x38 CMakeFiles/PROJECT_NAME.dir/home/moon/pico/pico-sdk/lib/tinyusb/src/class/cdc/cdc_device.c.obj
                0x0000000010005cb8                tud_cdc_n_write
 .text.tud_cdc_n_write_available
                0x0000000010005cf0       0x1c CMakeFiles/PROJECT_NAME.dir/home/moon/pico/pico-sdk/lib/tinyusb/src/class/cdc/cdc_device.c.obj
                0x0000000010005cf0                tud_cdc_n_write_available
 .text.cdcd_init
                0x0000000010005d0c       0xbc CMakeFiles/PROJECT_NAME.dir/home/moon/pico/pico-sdk/lib/tinyusb/src/class/cdc/cdc_device.c.obj
                0x0000000010005d0c                cdcd_init
 .text.cdcd_reset
                0x0000000010005dc8       0x44 CMakeFiles/PROJECT_NAME.dir/home/moon/pico/pico-sdk/lib/tinyusb/src/class/cdc/cdc_device.c.obj
                0x0000000010005dc8                cdcd_reset
 .text.cdcd_open
                0x0000000010005e0c       0xcc CMakeFiles/PROJECT_NAME.dir/home/moon/pico/pico-sdk/lib/tinyusb/src/class/cdc/cdc_device.c.obj
                0x0000000010005e0c                cdcd_open
 .text.cdcd_control_xfer_cb
                0x0000000010005ed8      0x134 CMakeFiles/PROJECT_NAME.dir/home/moon/pico/pico-sdk/lib/tinyusb/src/class/cdc/cdc_device.c.obj
                0x0000000010005ed8                cdcd_control_xfer_cb
 .text.cdcd_xfer_cb
                0x000000001000600c      0x130 CMakeFiles/PROJECT_NAME.dir/home/moon/pico/pico-sdk/lib/tinyusb/src/class/cdc/cdc_device.c.obj
                0x000000001000600c                cdcd_xfer_cb
 .text.tusb_init
                0x000000001000613c        0xa CMakeFiles/PROJECT_NAME.dir/home/moon/pico/pico-sdk/lib/tinyusb/src/tusb.c.obj
                0x000000001000613c                tusb_init
 .text.tusb_inited
                0x0000000010006146        0xe CMakeFiles/PROJECT_NAME.dir/home/moon/pico/pico-sdk/lib/tinyusb/src/tusb.c.obj
                0x0000000010006146                tusb_inited
 .text.tu_edpt_claim
                0x0000000010006154       0x50 CMakeFiles/PROJECT_NAME.dir/home/moon/pico/pico-sdk/lib/tinyusb/src/tusb.c.obj
                0x0000000010006154                tu_edpt_claim
 .text.tu_edpt_release
                0x00000000100061a4       0x3c CMakeFiles/PROJECT_NAME.dir/home/moon/pico/pico-sdk/lib/tinyusb/src/tusb.c.obj
                0x00000000100061a4                tu_edpt_release
 .text.tu_edpt_validate
                0x00000000100061e0       0x78 CMakeFiles/PROJECT_NAME.dir/home/moon/pico/pico-sdk/lib/tinyusb/src/tusb.c.obj
                0x00000000100061e0                tu_edpt_validate
 .text.tu_edpt_bind_driver
                0x0000000010006258       0x26 CMakeFiles/PROJECT_NAME.dir/home/moon/pico/pico-sdk/lib/tinyusb/src/tusb.c.obj
                0x0000000010006258                tu_edpt_bind_driver
 .text.advance_index
                0x000000001000627e       0x1a CMakeFiles/PROJECT_NAME.dir/home/moon/pico/pico-sdk/lib/tinyusb/src/common/tusb_fifo.c.obj
 .text._tu_fifo_peek
                0x0000000010006298       0x56 CMakeFiles/PROJECT_NAME.dir/home/moon/pico/pico-sdk/lib/tinyusb/src/common/tusb_fifo.c.obj
 .text._ff_pull_const_addr
                0x00000000100062ee       0x4c CMakeFiles/PROJECT_NAME.dir/home/moon/pico/pico-sdk/lib/tinyusb/src/common/tusb_fifo.c.obj
 .text._ff_pull_n
                0x000000001000633a      0x110 CMakeFiles/PROJECT_NAME.dir/home/moon/pico/pico-sdk/lib/tinyusb/src/common/tusb_fifo.c.obj
 .text._tu_fifo_peek_n
                0x000000001000644a       0x6a CMakeFiles/PROJECT_NAME.dir/home/moon/pico/pico-sdk/lib/tinyusb/src/common/tusb_fifo.c.obj
 .text._tu_fifo_read_n
                0x00000000100064b4       0x4e CMakeFiles/PROJECT_NAME.dir/home/moon/pico/pico-sdk/lib/tinyusb/src/common/tusb_fifo.c.obj
 .text._ff_push_const_addr
                0x0000000010006502       0x40 CMakeFiles/PROJECT_NAME.dir/home/moon/pico/pico-sdk/lib/tinyusb/src/common/tusb_fifo.c.obj
 .text._ff_push_n
                0x0000000010006542      0x10c CMakeFiles/PROJECT_NAME.dir/home/moon/pico/pico-sdk/lib/tinyusb/src/common/tusb_fifo.c.obj
 .text._tu_fifo_write_n
                0x000000001000664e       0xf0 CMakeFiles/PROJECT_NAME.dir/home/moon/pico/pico-sdk/lib/tinyusb/src/common/tusb_fifo.c.obj
 .text.tu_fifo_config
                0x000000001000673e       0x7c CMakeFiles/PROJECT_NAME.dir/home/moon/pico/pico-sdk/lib/tinyusb/src/common/tusb_fifo.c.obj
                0x000000001000673e                tu_fifo_config
 .text.tu_fifo_count
                0x00000000100067ba       0x2a CMakeFiles/PROJECT_NAME.dir/home/moon/pico/pico-sdk/lib/tinyusb/src/common/tusb_fifo.c.obj
                0x00000000100067ba                tu_fifo_count
 .text.tu_fifo_empty
                0x00000000100067e4       0x10 CMakeFiles/PROJECT_NAME.dir/home/moon/pico/pico-sdk/lib/tinyusb/src/common/tusb_fifo.c.obj
                0x00000000100067e4                tu_fifo_empty
 .text.tu_fifo_full
                0x00000000100067f4       0x28 CMakeFiles/PROJECT_NAME.dir/home/moon/pico/pico-sdk/lib/tinyusb/src/common/tusb_fifo.c.obj
                0x00000000100067f4                tu_fifo_full
 .text.tu_fifo_remaining
                0x000000001000681c       0x2c CMakeFiles/PROJECT_NAME.dir/home/moon/pico/pico-sdk/lib/tinyusb/src/common/tusb_fifo.c.obj
                0x000000001000681c                tu_fifo_remaining
 .text.tu_fifo_read
                0x0000000010006848       0x42 CMakeFiles/PROJECT_NAME.dir/home/moon/pico/pico-sdk/lib/tinyusb/src/common/tusb_fifo.c.obj
                0x0000000010006848                tu_fifo_read
 .text.tu_fifo_read_n
                0x000000001000688a        0xa CMakeFiles/PROJECT_NAME.dir/home/moon/pico/pico-sdk/lib/tinyusb/src/common/tusb_fifo.c.obj
                0x000000001000688a                tu_fifo_read_n
 .text.tu_fifo_write
                0x0000000010006894       0x64 CMakeFiles/PROJECT_NAME.dir/home/moon/pico/pico-sdk/lib/tinyusb/src/common/tusb_fifo.c.obj
                0x0000000010006894                tu_fifo_write
 .text.tu_fifo_write_n
                0x00000000100068f8        0xa CMakeFiles/PROJECT_NAME.dir/home/moon/pico/pico-sdk/lib/tinyusb/src/common/tusb_fifo.c.obj
                0x00000000100068f8                tu_fifo_write_n
 .text.tu_fifo_clear
                0x0000000010006902       0x3e CMakeFiles/PROJECT_NAME.dir/home/moon/pico/pico-sdk/lib/tinyusb/src/common/tusb_fifo.c.obj
                0x0000000010006902                tu_fifo_clear
 .text.tu_fifo_set_overwritable
                0x0000000010006940       0x46 CMakeFiles/PROJECT_NAME.dir/home/moon/pico/pico-sdk/lib/tinyusb/src/common/tusb_fifo.c.obj
                0x0000000010006940                tu_fifo_set_overwritable
 *fill*         0x0000000010006986        0x2 
 .text.cyw43_arch_set_async_context
                0x0000000010006988        0xc CMakeFiles/PROJECT_NAME.dir/home/moon/pico/pico-sdk/src/rp2_common/pico_cyw43_arch/cyw43_arch.c.obj
                0x0000000010006988                cyw43_arch_set_async_context
 .text.cyw43_arch_gpio_put
                0x0000000010006994       0x14 CMakeFiles/PROJECT_NAME.dir/home/moon/pico/pico-sdk/src/rp2_common/pico_cyw43_arch/cyw43_arch.c.obj
                0x0000000010006994                cyw43_arch_gpio_put
 .text.cyw43_arch_async_context
                0x00000000100069a8        0xc CMakeFiles/PROJECT_NAME.dir/home/moon/pico/pico-sdk/src/rp2_common/pico_cyw43_arch/cyw43_arch.c.obj
                0x00000000100069a8                cyw43_arch_async_context
 .text.cyw43_arch_init_default_async_context
                0x00000000100069b4       0x20 CMakeFiles/PROJECT_NAME.dir/home/moon/pico/pico-sdk/src/rp2_common/pico_cyw43_arch/cyw43_arch_threadsafe_background.c.obj
                0x00000000100069b4                cyw43_arch_init_default_async_context
 .text.cyw43_arch_deinit
                0x00000000100069d4       0x28 CMakeFiles/PROJECT_NAME.dir/home/moon/pico/pico-sdk/src/rp2_common/pico_cyw43_arch/cyw43_arch_threadsafe_background.c.obj
                0x00000000100069d4                cyw43_arch_deinit
 .text.cyw43_arch_init
                0x00000000100069fc       0x36 CMakeFiles/PROJECT_NAME.dir/home/moon/pico/pico-sdk/src/rp2_common/pico_cyw43_arch/cyw43_arch_threadsafe_background.c.obj
                0x00000000100069fc                cyw43_arch_init
 .text.cs_set   0x0000000010006a32       0x1c CMakeFiles/PROJECT_NAME.dir/home/moon/pico/pico-sdk/src/rp2_common/pico_cyw43_driver/cyw43_bus_pio_spi.c.obj
 *fill*         0x0000000010006a4e        0x2 
 .text.start_spi_comms
                0x0000000010006a50       0x2c CMakeFiles/PROJECT_NAME.dir/home/moon/pico/pico-sdk/src/rp2_common/pico_cyw43_driver/cyw43_bus_pio_spi.c.obj
 .text.ns_delay
                0x0000000010006a7c       0x20 CMakeFiles/PROJECT_NAME.dir/home/moon/pico/pico-sdk/src/rp2_common/pico_cyw43_driver/cyw43_bus_pio_spi.c.obj
 .text.stop_spi_comms
                0x0000000010006a9c       0x10 CMakeFiles/PROJECT_NAME.dir/home/moon/pico/pico-sdk/src/rp2_common/pico_cyw43_driver/cyw43_bus_pio_spi.c.obj
 .text.cyw43_spi_deinit
                0x0000000010006aac       0x74 CMakeFiles/PROJECT_NAME.dir/home/moon/pico/pico-sdk/src/rp2_common/pico_cyw43_driver/cyw43_bus_pio_spi.c.obj
                0x0000000010006aac                cyw43_spi_deinit
 .text.cyw43_spi_init
                0x0000000010006b20      0x284 CMakeFiles/PROJECT_NAME.dir/home/moon/pico/pico-sdk/src/rp2_common/pico_cyw43_driver/cyw43_bus_pio_spi.c.obj
                0x0000000010006b20                cyw43_spi_init
 .text.cyw43_spi_transfer
                0x0000000010006da4      0x694 CMakeFiles/PROJECT_NAME.dir/home/moon/pico/pico-sdk/src/rp2_common/pico_cyw43_driver/cyw43_bus_pio_spi.c.obj
                0x0000000010006da4                cyw43_spi_transfer
 .text.cyw43_spi_gpio_setup
                0x0000000010007438       0x3a CMakeFiles/PROJECT_NAME.dir/home/moon/pico/pico-sdk/src/rp2_common/pico_cyw43_driver/cyw43_bus_pio_spi.c.obj
                0x0000000010007438                cyw43_spi_gpio_setup
 .text.cyw43_spi_reset
                0x0000000010007472       0x28 CMakeFiles/PROJECT_NAME.dir/home/moon/pico/pico-sdk/src/rp2_common/pico_cyw43_driver/cyw43_bus_pio_spi.c.obj
                0x0000000010007472                cyw43_spi_reset
 *fill*         0x000000001000749a        0x2 
 .text.read_reg_u32_swap
                0x000000001000749c       0x68 CMakeFiles/PROJECT_NAME.dir/home/moon/pico/pico-sdk/src/rp2_common/pico_cyw43_driver/cyw43_bus_pio_spi.c.obj
                0x000000001000749c                read_reg_u32_swap
 .text.cyw43_read_reg_u32
                0x0000000010007504       0x54 CMakeFiles/PROJECT_NAME.dir/home/moon/pico/pico-sdk/src/rp2_common/pico_cyw43_driver/cyw43_bus_pio_spi.c.obj
                0x0000000010007504                cyw43_read_reg_u32
 .text.cyw43_read_reg_u16
                0x0000000010007558       0x54 CMakeFiles/PROJECT_NAME.dir/home/moon/pico/pico-sdk/src/rp2_common/pico_cyw43_driver/cyw43_bus_pio_spi.c.obj
                0x0000000010007558                cyw43_read_reg_u16
 .text.cyw43_read_reg_u8
                0x00000000100075ac       0x54 CMakeFiles/PROJECT_NAME.dir/home/moon/pico/pico-sdk/src/rp2_common/pico_cyw43_driver/cyw43_bus_pio_spi.c.obj
                0x00000000100075ac                cyw43_read_reg_u8
 .text.write_reg_u32_swap
                0x0000000010007600       0x34 CMakeFiles/PROJECT_NAME.dir/home/moon/pico/pico-sdk/src/rp2_common/pico_cyw43_driver/cyw43_bus_pio_spi.c.obj
                0x0000000010007600                write_reg_u32_swap
 .text.cyw43_write_reg_u32
                0x0000000010007634       0x58 CMakeFiles/PROJECT_NAME.dir/home/moon/pico/pico-sdk/src/rp2_common/pico_cyw43_driver/cyw43_bus_pio_spi.c.obj
                0x0000000010007634                cyw43_write_reg_u32
 .text.cyw43_write_reg_u16
                0x000000001000768c       0x58 CMakeFiles/PROJECT_NAME.dir/home/moon/pico/pico-sdk/src/rp2_common/pico_cyw43_driver/cyw43_bus_pio_spi.c.obj
                0x000000001000768c                cyw43_write_reg_u16
 .text.cyw43_write_reg_u8
                0x00000000100076e4       0x58 CMakeFiles/PROJECT_NAME.dir/home/moon/pico/pico-sdk/src/rp2_common/pico_cyw43_driver/cyw43_bus_pio_spi.c.obj
                0x00000000100076e4                cyw43_write_reg_u8
 .text.cyw43_read_bytes
                0x000000001000773c      0x104 CMakeFiles/PROJECT_NAME.dir/home/moon/pico/pico-sdk/src/rp2_common/pico_cyw43_driver/cyw43_bus_pio_spi.c.obj
                0x000000001000773c                cyw43_read_bytes
 .text.cyw43_write_bytes
                0x0000000010007840      0x128 CMakeFiles/PROJECT_NAME.dir/home/moon/pico/pico-sdk/src/rp2_common/pico_cyw43_driver/cyw43_bus_pio_spi.c.obj
                0x0000000010007840                cyw43_write_bytes
 .text.get_core_address
                0x0000000010007968       0x1c CMakeFiles/PROJECT_NAME.dir/home/moon/pico/pico-sdk/lib/cyw43-driver/src/cyw43_ll.c.obj
 .text.sdpcm_process_rx_packet
                0x0000000010007984      0x180 CMakeFiles/PROJECT_NAME.dir/home/moon/pico/pico-sdk/lib/cyw43-driver/src/cyw43_ll.c.obj
 .text.cyw43_ll_wifi_parse_scan_result
                0x0000000010007b04       0x9c CMakeFiles/PROJECT_NAME.dir/home/moon/pico/pico-sdk/lib/cyw43-driver/src/cyw43_ll.c.obj
 .text.cyw43_ll_parse_async_event
                0x0000000010007ba0       0x8e CMakeFiles/PROJECT_NAME.dir/home/moon/pico/pico-sdk/lib/cyw43-driver/src/cyw43_ll.c.obj
 *fill*         0x0000000010007c2e        0x2 
 .text.cyw43_kso_set
                0x0000000010007c30       0x98 CMakeFiles/PROJECT_NAME.dir/home/moon/pico/pico-sdk/lib/cyw43-driver/src/cyw43_ll.c.obj
 .text.cyw43_ll_bus_sleep_helper
                0x0000000010007cc8        0xe CMakeFiles/PROJECT_NAME.dir/home/moon/pico/pico-sdk/lib/cyw43-driver/src/cyw43_ll.c.obj
 *fill*         0x0000000010007cd6        0x2 
 .text.cyw43_read_reg
                0x0000000010007cd8       0x48 CMakeFiles/PROJECT_NAME.dir/home/moon/pico/pico-sdk/lib/cyw43-driver/src/cyw43_ll.c.obj
 .text.cyw43_write_reg
                0x0000000010007d20       0x4c CMakeFiles/PROJECT_NAME.dir/home/moon/pico/pico-sdk/lib/cyw43-driver/src/cyw43_ll.c.obj
 .text.cyw43_set_backplane_window
                0x0000000010007d6c       0x74 CMakeFiles/PROJECT_NAME.dir/home/moon/pico/pico-sdk/lib/cyw43-driver/src/cyw43_ll.c.obj
 .text.cyw43_read_backplane
                0x0000000010007de0       0x30 CMakeFiles/PROJECT_NAME.dir/home/moon/pico/pico-sdk/lib/cyw43-driver/src/cyw43_ll.c.obj
 .text.disable_device_core
                0x0000000010007e10       0x3c CMakeFiles/PROJECT_NAME.dir/home/moon/pico/pico-sdk/lib/cyw43-driver/src/cyw43_ll.c.obj
 .text.device_core_is_up
                0x0000000010007e4c       0x4c CMakeFiles/PROJECT_NAME.dir/home/moon/pico/pico-sdk/lib/cyw43-driver/src/cyw43_ll.c.obj
 .text.cyw43_write_backplane
                0x0000000010007e98       0x34 CMakeFiles/PROJECT_NAME.dir/home/moon/pico/pico-sdk/lib/cyw43-driver/src/cyw43_ll.c.obj
 .text.reset_device_core
                0x0000000010007ecc       0x74 CMakeFiles/PROJECT_NAME.dir/home/moon/pico/pico-sdk/lib/cyw43-driver/src/cyw43_ll.c.obj
 .text.cyw43_download_resource
                0x0000000010007f40      0x17c CMakeFiles/PROJECT_NAME.dir/home/moon/pico/pico-sdk/lib/cyw43-driver/src/cyw43_ll.c.obj
 .text.cyw43_ll_init
                0x00000000100080bc       0x20 CMakeFiles/PROJECT_NAME.dir/home/moon/pico/pico-sdk/lib/cyw43-driver/src/cyw43_ll.c.obj
                0x00000000100080bc                cyw43_ll_init
 .text.cyw43_ll_deinit
                0x00000000100080dc        0x8 CMakeFiles/PROJECT_NAME.dir/home/moon/pico/pico-sdk/lib/cyw43-driver/src/cyw43_ll.c.obj
                0x00000000100080dc                cyw43_ll_deinit
 .text.cyw43_ll_bus_sleep
                0x00000000100080e4       0x34 CMakeFiles/PROJECT_NAME.dir/home/moon/pico/pico-sdk/lib/cyw43-driver/src/cyw43_ll.c.obj
                0x00000000100080e4                cyw43_ll_bus_sleep
 .text.cyw43_ll_sdpcm_poll_device
                0x0000000010008118      0x158 CMakeFiles/PROJECT_NAME.dir/home/moon/pico/pico-sdk/lib/cyw43-driver/src/cyw43_ll.c.obj
 .text.cyw43_ll_process_packets
                0x0000000010008270       0x5c CMakeFiles/PROJECT_NAME.dir/home/moon/pico/pico-sdk/lib/cyw43-driver/src/cyw43_ll.c.obj
                0x0000000010008270                cyw43_ll_process_packets
 .text.cyw43_sdpcm_send_common
                0x00000000100082cc      0x104 CMakeFiles/PROJECT_NAME.dir/home/moon/pico/pico-sdk/lib/cyw43-driver/src/cyw43_ll.c.obj
 .text.cyw43_send_ioctl
                0x00000000100083d0       0x56 CMakeFiles/PROJECT_NAME.dir/home/moon/pico/pico-sdk/lib/cyw43-driver/src/cyw43_ll.c.obj
 *fill*         0x0000000010008426        0x2 
 .text.cyw43_do_ioctl
                0x0000000010008428       0xc0 CMakeFiles/PROJECT_NAME.dir/home/moon/pico/pico-sdk/lib/cyw43-driver/src/cyw43_ll.c.obj
 .text.cyw43_ll_ioctl
                0x00000000100084e8       0x1e CMakeFiles/PROJECT_NAME.dir/home/moon/pico/pico-sdk/lib/cyw43-driver/src/cyw43_ll.c.obj
                0x00000000100084e8                cyw43_ll_ioctl
 *fill*         0x0000000010008506        0x2 
 .text.cyw43_clm_load
                0x0000000010008508       0xdc CMakeFiles/PROJECT_NAME.dir/home/moon/pico/pico-sdk/lib/cyw43-driver/src/cyw43_ll.c.obj
 .text.cyw43_write_iovar_u32
                0x00000000100085e4       0x60 CMakeFiles/PROJECT_NAME.dir/home/moon/pico/pico-sdk/lib/cyw43-driver/src/cyw43_ll.c.obj
 .text.cyw43_write_iovar_n
                0x0000000010008644       0x50 CMakeFiles/PROJECT_NAME.dir/home/moon/pico/pico-sdk/lib/cyw43-driver/src/cyw43_ll.c.obj
 .text.cyw43_set_ioctl_u32
                0x0000000010008694       0x30 CMakeFiles/PROJECT_NAME.dir/home/moon/pico/pico-sdk/lib/cyw43-driver/src/cyw43_ll.c.obj
 .text.cyw43_write_iovar_u32_u32
                0x00000000100086c4       0x74 CMakeFiles/PROJECT_NAME.dir/home/moon/pico/pico-sdk/lib/cyw43-driver/src/cyw43_ll.c.obj
 .text.cyw43_ll_wifi_get_mac
                0x0000000010008738       0x48 CMakeFiles/PROJECT_NAME.dir/home/moon/pico/pico-sdk/lib/cyw43-driver/src/cyw43_ll.c.obj
                0x0000000010008738                cyw43_ll_wifi_get_mac
 .text.cyw43_ll_bus_init
                0x0000000010008780      0x360 CMakeFiles/PROJECT_NAME.dir/home/moon/pico/pico-sdk/lib/cyw43-driver/src/cyw43_ll.c.obj
                0x0000000010008780                cyw43_ll_bus_init
 .text.cyw43_ll_wifi_set_wpa_auth
                0x0000000010008ae0        0xe CMakeFiles/PROJECT_NAME.dir/home/moon/pico/pico-sdk/lib/cyw43-driver/src/cyw43_ll.c.obj
                0x0000000010008ae0                cyw43_ll_wifi_set_wpa_auth
 *fill*         0x0000000010008aee        0x2 
 .text.cyw43_ll_wifi_rejoin
                0x0000000010008af0       0x20 CMakeFiles/PROJECT_NAME.dir/home/moon/pico/pico-sdk/lib/cyw43-driver/src/cyw43_ll.c.obj
                0x0000000010008af0                cyw43_ll_wifi_rejoin
 .text.cyw43_ll_gpio_set
                0x0000000010008b10       0x30 CMakeFiles/PROJECT_NAME.dir/home/moon/pico/pico-sdk/lib/cyw43-driver/src/cyw43_ll.c.obj
                0x0000000010008b10                cyw43_ll_gpio_set
 .text.cyw43_ll_has_work
                0x0000000010008b40       0x12 CMakeFiles/PROJECT_NAME.dir/home/moon/pico/pico-sdk/lib/cyw43-driver/src/cyw43_ll.c.obj
                0x0000000010008b40                cyw43_ll_has_work
 *fill*         0x0000000010008b52        0x2 
 .text.cyw43_poll_func
                0x0000000010008b54       0xb0 CMakeFiles/PROJECT_NAME.dir/home/moon/pico/pico-sdk/lib/cyw43-driver/src/cyw43_ctrl.c.obj
 .text.cyw43_dump_async_event
                0x0000000010008c04       0x8c CMakeFiles/PROJECT_NAME.dir/home/moon/pico/pico-sdk/lib/cyw43-driver/src/cyw43_ctrl.c.obj
 .text.cyw43_ensure_up
                0x0000000010008c90       0xec CMakeFiles/PROJECT_NAME.dir/home/moon/pico/pico-sdk/lib/cyw43-driver/src/cyw43_ctrl.c.obj
 .text.cyw43_init
                0x0000000010008d7c       0x8c CMakeFiles/PROJECT_NAME.dir/home/moon/pico/pico-sdk/lib/cyw43-driver/src/cyw43_ctrl.c.obj
                0x0000000010008d7c                cyw43_init
 .text.cyw43_deinit
                0x0000000010008e08       0x3c CMakeFiles/PROJECT_NAME.dir/home/moon/pico/pico-sdk/lib/cyw43-driver/src/cyw43_ctrl.c.obj
                0x0000000010008e08                cyw43_deinit
 .text.cyw43_cb_read_host_interrupt_pin
                0x0000000010008e44        0xe CMakeFiles/PROJECT_NAME.dir/home/moon/pico/pico-sdk/lib/cyw43-driver/src/cyw43_ctrl.c.obj
                0x0000000010008e44                cyw43_cb_read_host_interrupt_pin
 *fill*         0x0000000010008e52        0x2 
 .text.cyw43_cb_ensure_awake
                0x0000000010008e54        0xc CMakeFiles/PROJECT_NAME.dir/home/moon/pico/pico-sdk/lib/cyw43-driver/src/cyw43_ctrl.c.obj
                0x0000000010008e54                cyw43_cb_ensure_awake
 .text.cyw43_cb_process_async_event
                0x0000000010008e60      0x1b8 CMakeFiles/PROJECT_NAME.dir/home/moon/pico/pico-sdk/lib/cyw43-driver/src/cyw43_ctrl.c.obj
                0x0000000010008e60                cyw43_cb_process_async_event
 .text.cyw43_gpio_set
                0x0000000010009018       0x30 CMakeFiles/PROJECT_NAME.dir/home/moon/pico/pico-sdk/lib/cyw43-driver/src/cyw43_ctrl.c.obj
                0x0000000010009018                cyw43_gpio_set
 .text._pio_can_add_program_at_offset
                0x0000000010009048       0x3c CMakeFiles/PROJECT_NAME.dir/home/moon/pico/pico-sdk/src/rp2_common/hardware_pio/pio.c.obj
 .text._pio_find_offset_for_program
                0x0000000010009084       0x7c CMakeFiles/PROJECT_NAME.dir/home/moon/pico/pico-sdk/src/rp2_common/hardware_pio/pio.c.obj
 .text._pio_add_program_at_offset
                0x0000000010009100       0x78 CMakeFiles/PROJECT_NAME.dir/home/moon/pico/pico-sdk/src/rp2_common/hardware_pio/pio.c.obj
 .text.pio_sm_unclaim
                0x0000000010009178       0x20 CMakeFiles/PROJECT_NAME.dir/home/moon/pico/pico-sdk/src/rp2_common/hardware_pio/pio.c.obj
                0x0000000010009178                pio_sm_unclaim
 .text.pio_claim_unused_sm
                0x0000000010009198       0x3c CMakeFiles/PROJECT_NAME.dir/home/moon/pico/pico-sdk/src/rp2_common/hardware_pio/pio.c.obj
                0x0000000010009198                pio_claim_unused_sm
 .text.pio_can_add_program
                0x00000000100091d4       0x26 CMakeFiles/PROJECT_NAME.dir/home/moon/pico/pico-sdk/src/rp2_common/hardware_pio/pio.c.obj
                0x00000000100091d4                pio_can_add_program
 *fill*         0x00000000100091fa        0x2 
 .text.pio_add_program
                0x00000000100091fc       0x38 CMakeFiles/PROJECT_NAME.dir/home/moon/pico/pico-sdk/src/rp2_common/hardware_pio/pio.c.obj
                0x00000000100091fc                pio_add_program
 .text.pio_remove_program
                0x0000000010009234       0x58 CMakeFiles/PROJECT_NAME.dir/home/moon/pico/pico-sdk/src/rp2_common/hardware_pio/pio.c.obj
                0x0000000010009234                pio_remove_program
 .text.pio_sm_set_pindirs_with_mask
                0x000000001000928c       0x9c CMakeFiles/PROJECT_NAME.dir/home/moon/pico/pico-sdk/src/rp2_common/hardware_pio/pio.c.obj
                0x000000001000928c                pio_sm_set_pindirs_with_mask
 .text.pio_sm_set_consecutive_pindirs
                0x0000000010009328       0xa4 CMakeFiles/PROJECT_NAME.dir/home/moon/pico/pico-sdk/src/rp2_common/hardware_pio/pio.c.obj
                0x0000000010009328                pio_sm_set_consecutive_pindirs
 .text.dma_channel_unclaim
                0x00000000100093cc       0x10 CMakeFiles/PROJECT_NAME.dir/home/moon/pico/pico-sdk/src/rp2_common/hardware_dma/dma.c.obj
                0x00000000100093cc                dma_channel_unclaim
 .text.dma_claim_unused_channel
                0x00000000100093dc       0x20 CMakeFiles/PROJECT_NAME.dir/home/moon/pico/pico-sdk/src/rp2_common/hardware_dma/dma.c.obj
                0x00000000100093dc                dma_claim_unused_channel
 .text.dma_channel_cleanup
                0x00000000100093fc       0x5c CMakeFiles/PROJECT_NAME.dir/home/moon/pico/pico-sdk/src/rp2_common/hardware_dma/dma.c.obj
                0x00000000100093fc                dma_channel_cleanup
 .text.cyw43_sleep_timeout_reached
                0x0000000010009458       0x50 CMakeFiles/PROJECT_NAME.dir/home/moon/pico/pico-sdk/src/rp2_common/pico_cyw43_driver/cyw43_driver.c.obj
 .text.cyw43_set_irq_enabled
                0x00000000100094a8        0xe CMakeFiles/PROJECT_NAME.dir/home/moon/pico/pico-sdk/src/rp2_common/pico_cyw43_driver/cyw43_driver.c.obj
 *fill*         0x00000000100094b6        0x2 
 .text.cyw43_irq_init
                0x00000000100094b8       0x50 CMakeFiles/PROJECT_NAME.dir/home/moon/pico/pico-sdk/src/rp2_common/pico_cyw43_driver/cyw43_driver.c.obj
                0x00000000100094b8                cyw43_irq_init
 .text.cyw43_gpio_irq_handler
                0x0000000010009508       0x40 CMakeFiles/PROJECT_NAME.dir/home/moon/pico/pico-sdk/src/rp2_common/pico_cyw43_driver/cyw43_driver.c.obj
 .text.cyw43_irq_deinit
                0x0000000010009548       0x48 CMakeFiles/PROJECT_NAME.dir/home/moon/pico/pico-sdk/src/rp2_common/pico_cyw43_driver/cyw43_driver.c.obj
                0x0000000010009548                cyw43_irq_deinit
 .text.no_lwip_fail
                0x0000000010009590        0xc CMakeFiles/PROJECT_NAME.dir/home/moon/pico/pico-sdk/src/rp2_common/pico_cyw43_driver/cyw43_driver.c.obj
 .text.cyw43_do_poll
                0x000000001000959c       0xc8 CMakeFiles/PROJECT_NAME.dir/home/moon/pico/pico-sdk/src/rp2_common/pico_cyw43_driver/cyw43_driver.c.obj
 .text.cyw43_post_poll_hook
                0x0000000010009664       0x38 CMakeFiles/PROJECT_NAME.dir/home/moon/pico/pico-sdk/src/rp2_common/pico_cyw43_driver/cyw43_driver.c.obj
                0x0000000010009664                cyw43_post_poll_hook
 .text.cyw43_schedule_internal_poll_dispatch
                0x000000001000969c       0x3c CMakeFiles/PROJECT_NAME.dir/home/moon/pico/pico-sdk/src/rp2_common/pico_cyw43_driver/cyw43_driver.c.obj
                0x000000001000969c                cyw43_schedule_internal_poll_dispatch
 .text.cyw43_driver_init
                0x00000000100096d8       0x38 CMakeFiles/PROJECT_NAME.dir/home/moon/pico/pico-sdk/src/rp2_common/pico_cyw43_driver/cyw43_driver.c.obj
                0x00000000100096d8                cyw43_driver_init
 .text.cyw43_driver_deinit
                0x0000000010009710       0x64 CMakeFiles/PROJECT_NAME.dir/home/moon/pico/pico-sdk/src/rp2_common/pico_cyw43_driver/cyw43_driver.c.obj
                0x0000000010009710                cyw43_driver_deinit
 .text.storage_read_blocks
                0x0000000010009774        0x6 CMakeFiles/PROJECT_NAME.dir/home/moon/pico/pico-sdk/src/rp2_common/pico_cyw43_driver/cyw43_driver.c.obj
                0x0000000010009774                storage_read_blocks
 *fill*         0x000000001000977a        0x2 
 .text.cyw43_hal_generate_laa_mac
                0x000000001000977c       0x34 CMakeFiles/PROJECT_NAME.dir/home/moon/pico/pico-sdk/src/rp2_common/pico_cyw43_driver/cyw43_driver.c.obj
                0x000000001000977c                cyw43_hal_generate_laa_mac
 .text.cyw43_thread_enter
                0x00000000100097b0       0x14 CMakeFiles/PROJECT_NAME.dir/home/moon/pico/pico-sdk/src/rp2_common/pico_cyw43_driver/cyw43_driver.c.obj
                0x00000000100097b0                cyw43_thread_enter
 .text.cyw43_thread_exit
                0x00000000100097c4       0x14 CMakeFiles/PROJECT_NAME.dir/home/moon/pico/pico-sdk/src/rp2_common/pico_cyw43_driver/cyw43_driver.c.obj
                0x00000000100097c4                cyw43_thread_exit
 .text.cyw43_thread_lock_check
                0x00000000100097d8       0x14 CMakeFiles/PROJECT_NAME.dir/home/moon/pico/pico-sdk/src/rp2_common/pico_cyw43_driver/cyw43_driver.c.obj
                0x00000000100097d8                cyw43_thread_lock_check
 .text.cyw43_await_background_or_timeout_us
                0x00000000100097ec       0x60 CMakeFiles/PROJECT_NAME.dir/home/moon/pico/pico-sdk/src/rp2_common/pico_cyw43_driver/cyw43_driver.c.obj
                0x00000000100097ec                cyw43_await_background_or_timeout_us
 .text.cyw43_delay_ms
                0x000000001000984c       0x70 CMakeFiles/PROJECT_NAME.dir/home/moon/pico/pico-sdk/src/rp2_common/pico_cyw43_driver/cyw43_driver.c.obj
                0x000000001000984c                cyw43_delay_ms
 .text.cyw43_cb_tcpip_deinit
                0x00000000100098bc        0x2 CMakeFiles/PROJECT_NAME.dir/home/moon/pico/pico-sdk/src/rp2_common/pico_cyw43_driver/cyw43_driver.c.obj
                0x00000000100098bc                cyw43_cb_tcpip_deinit
 .text.cyw43_cb_tcpip_set_link_up
                0x00000000100098be        0x6 CMakeFiles/PROJECT_NAME.dir/home/moon/pico/pico-sdk/src/rp2_common/pico_cyw43_driver/cyw43_driver.c.obj
                0x00000000100098be                cyw43_cb_tcpip_set_link_up
 .text.cyw43_cb_tcpip_set_link_down
                0x00000000100098c4        0x6 CMakeFiles/PROJECT_NAME.dir/home/moon/pico/pico-sdk/src/rp2_common/pico_cyw43_driver/cyw43_driver.c.obj
                0x00000000100098c4                cyw43_cb_tcpip_set_link_down
 .text.cyw43_cb_process_ethernet
                0x00000000100098ca        0x6 CMakeFiles/PROJECT_NAME.dir/home/moon/pico/pico-sdk/src/rp2_common/pico_cyw43_driver/cyw43_driver.c.obj
                0x00000000100098ca                cyw43_cb_process_ethernet
 .text.async_context_threadsafe_background_acquire_lock_blocking
                0x00000000100098d0        0xa CMakeFiles/PROJECT_NAME.dir/home/moon/pico/pico-sdk/src/rp2_common/pico_async_context/async_context_threadsafe_background.c.obj
 .text.async_context_threadsafe_background_wake_up
                0x00000000100098da       0x16 CMakeFiles/PROJECT_NAME.dir/home/moon/pico/pico-sdk/src/rp2_common/pico_async_context/async_context_threadsafe_background.c.obj
 .text.alarm_handler
                0x00000000100098f0       0x14 CMakeFiles/PROJECT_NAME.dir/home/moon/pico/pico-sdk/src/rp2_common/pico_async_context/async_context_threadsafe_background.c.obj
 .text.async_context_threadsafe_background_set_work_pending
                0x0000000010009904        0xc CMakeFiles/PROJECT_NAME.dir/home/moon/pico/pico-sdk/src/rp2_common/pico_async_context/async_context_threadsafe_background.c.obj
 .text.async_context_threadsafe_background_lock_check
                0x0000000010009910       0x2c CMakeFiles/PROJECT_NAME.dir/home/moon/pico/pico-sdk/src/rp2_common/pico_async_context/async_context_threadsafe_background.c.obj
 .text.process_under_lock
                0x000000001000993c       0xfc CMakeFiles/PROJECT_NAME.dir/home/moon/pico/pico-sdk/src/rp2_common/pico_async_context/async_context_threadsafe_background.c.obj
 .text.lock_release
                0x0000000010009a38       0x1e CMakeFiles/PROJECT_NAME.dir/home/moon/pico/pico-sdk/src/rp2_common/pico_async_context/async_context_threadsafe_background.c.obj
 .text.async_context_threadsafe_background_execute_sync
                0x0000000010009a56       0x1e CMakeFiles/PROJECT_NAME.dir/home/moon/pico/pico-sdk/src/rp2_common/pico_async_context/async_context_threadsafe_background.c.obj
                0x0000000010009a56                async_context_threadsafe_background_execute_sync
 .text.async_context_threadsafe_background_release_lock
                0x0000000010009a74        0x8 CMakeFiles/PROJECT_NAME.dir/home/moon/pico/pico-sdk/src/rp2_common/pico_async_context/async_context_threadsafe_background.c.obj
 .text.low_prio_irq_deinit
                0x0000000010009a7c       0x50 CMakeFiles/PROJECT_NAME.dir/home/moon/pico/pico-sdk/src/rp2_common/pico_async_context/async_context_threadsafe_background.c.obj
 .text.async_context_threadsafe_background_deinit
                0x0000000010009acc       0x58 CMakeFiles/PROJECT_NAME.dir/home/moon/pico/pico-sdk/src/rp2_common/pico_async_context/async_context_threadsafe_background.c.obj
 .text.low_priority_irq_handler
                0x0000000010009b24       0x78 CMakeFiles/PROJECT_NAME.dir/home/moon/pico/pico-sdk/src/rp2_common/pico_async_context/async_context_threadsafe_background.c.obj
 .text.async_context_threadsafe_background_wait_for_work_until
                0x0000000010009b9c        0xa CMakeFiles/PROJECT_NAME.dir/home/moon/pico/pico-sdk/src/rp2_common/pico_async_context/async_context_threadsafe_background.c.obj
 .text.async_context_threadsafe_background_wait_until
                0x0000000010009ba6       0x1a CMakeFiles/PROJECT_NAME.dir/home/moon/pico/pico-sdk/src/rp2_common/pico_async_context/async_context_threadsafe_background.c.obj
 .text.async_context_threadsafe_background_when_pending_worker
                0x0000000010009bc0       0x20 CMakeFiles/PROJECT_NAME.dir/home/moon/pico/pico-sdk/src/rp2_common/pico_async_context/async_context_threadsafe_background.c.obj
 .text.async_context_threadsafe_background_add_when_pending_worker
                0x0000000010009be0       0x20 CMakeFiles/PROJECT_NAME.dir/home/moon/pico/pico-sdk/src/rp2_common/pico_async_context/async_context_threadsafe_background.c.obj
 .text.async_context_threadsafe_background_remove_at_time_worker
                0x0000000010009c00       0x20 CMakeFiles/PROJECT_NAME.dir/home/moon/pico/pico-sdk/src/rp2_common/pico_async_context/async_context_threadsafe_background.c.obj
 .text.async_context_threadsafe_background_add_at_time_worker
                0x0000000010009c20       0x20 CMakeFiles/PROJECT_NAME.dir/home/moon/pico/pico-sdk/src/rp2_common/pico_async_context/async_context_threadsafe_background.c.obj
 .text.low_prio_irq_init
                0x0000000010009c40       0x80 CMakeFiles/PROJECT_NAME.dir/home/moon/pico/pico-sdk/src/rp2_common/pico_async_context/async_context_threadsafe_background.c.obj
 .text.async_context_threadsafe_background_default_config
                0x0000000010009cc0        0xa CMakeFiles/PROJECT_NAME.dir/home/moon/pico/pico-sdk/src/rp2_common/pico_async_context/async_context_threadsafe_background.c.obj
                0x0000000010009cc0                async_context_threadsafe_background_default_config
 *fill*         0x0000000010009cca        0x2 
 .text.async_context_threadsafe_background_init
                0x0000000010009ccc       0x74 CMakeFiles/PROJECT_NAME.dir/home/moon/pico/pico-sdk/src/rp2_common/pico_async_context/async_context_threadsafe_background.c.obj
                0x0000000010009ccc                async_context_threadsafe_background_init
 .text.async_context_base_add_at_time_worker
                0x0000000010009d40       0x1c CMakeFiles/PROJECT_NAME.dir/home/moon/pico/pico-sdk/src/rp2_common/pico_async_context/async_context_base.c.obj
                0x0000000010009d40                async_context_base_add_at_time_worker
 .text.async_context_base_remove_at_time_worker
                0x0000000010009d5c       0x1c CMakeFiles/PROJECT_NAME.dir/home/moon/pico/pico-sdk/src/rp2_common/pico_async_context/async_context_base.c.obj
                0x0000000010009d5c                async_context_base_remove_at_time_worker
 .text.async_context_base_add_when_pending_worker
                0x0000000010009d78       0x1c CMakeFiles/PROJECT_NAME.dir/home/moon/pico/pico-sdk/src/rp2_common/pico_async_context/async_context_base.c.obj
                0x0000000010009d78                async_context_base_add_when_pending_worker
 .text.async_context_base_remove_when_pending_worker
                0x0000000010009d94       0x1c CMakeFiles/PROJECT_NAME.dir/home/moon/pico/pico-sdk/src/rp2_common/pico_async_context/async_context_base.c.obj
                0x0000000010009d94                async_context_base_remove_when_pending_worker
 .text.async_context_base_remove_ready_at_time_worker
                0x0000000010009db0       0x94 CMakeFiles/PROJECT_NAME.dir/home/moon/pico/pico-sdk/src/rp2_common/pico_async_context/async_context_base.c.obj
                0x0000000010009db0                async_context_base_remove_ready_at_time_worker
 .text.async_context_base_refresh_next_timeout
                0x0000000010009e44       0x4c CMakeFiles/PROJECT_NAME.dir/home/moon/pico/pico-sdk/src/rp2_common/pico_async_context/async_context_base.c.obj
                0x0000000010009e44                async_context_base_refresh_next_timeout
 .text.async_context_base_execute_once
                0x0000000010009e90       0x48 CMakeFiles/PROJECT_NAME.dir/home/moon/pico/pico-sdk/src/rp2_common/pico_async_context/async_context_base.c.obj
                0x0000000010009e90                async_context_base_execute_once
 .text          0x0000000010009ed8      0xd08 jlink_rtt/libjlink_rtt.a(SEGGER_RTT.c.obj)
                0x000000001000a038                SEGGER_RTT_ReadUpBufferNoLock
                0x000000001000a100                SEGGER_RTT_ReadNoLock
                0x000000001000a1c0                SEGGER_RTT_ReadUpBuffer
                0x000000001000a1da                SEGGER_RTT_Read
                0x000000001000a1f4                SEGGER_RTT_WriteWithOverwriteNoLock
                0x000000001000a31c                SEGGER_RTT_WriteSkipNoLock
                0x000000001000a3f0                SEGGER_RTT_WriteDownBufferNoLock
                0x000000001000a458                SEGGER_RTT_WriteNoLock
                0x000000001000a4cc                SEGGER_RTT_WriteDownBuffer
                0x000000001000a500                SEGGER_RTT_Write
                0x000000001000a534                SEGGER_RTT_WriteString
                0x000000001000a54c                SEGGER_RTT_PutCharSkipNoLock
                0x000000001000a59c                SEGGER_RTT_PutCharSkip
                0x000000001000a60c                SEGGER_RTT_PutChar
                0x000000001000a6a0                SEGGER_RTT_GetKey
                0x000000001000a6c2                SEGGER_RTT_WaitKey
                0x000000001000a6ce                SEGGER_RTT_HasKey
                0x000000001000a6f4                SEGGER_RTT_HasData
                0x000000001000a710                SEGGER_RTT_HasDataUp
                0x000000001000a72c                SEGGER_RTT_AllocDownBuffer
                0x000000001000a7a4                SEGGER_RTT_AllocUpBuffer
                0x000000001000a834                SEGGER_RTT_ConfigUpBuffer
                0x000000001000a8b0                SEGGER_RTT_ConfigDownBuffer
                0x000000001000a910                SEGGER_RTT_SetNameUpBuffer
                0x000000001000a950                SEGGER_RTT_SetNameDownBuffer
                0x000000001000a990                SEGGER_RTT_SetFlagsUpBuffer
                0x000000001000a9d0                SEGGER_RTT_SetFlagsDownBuffer
                0x000000001000aa10                SEGGER_RTT_Init
                0x000000001000aa18                SEGGER_RTT_SetTerminal
                0x000000001000aaa4                SEGGER_RTT_TerminalOut
                0x000000001000ab9c                SEGGER_RTT_GetAvailWriteSpace
                0x000000001000abb4                SEGGER_RTT_GetBytesInBuffer
 .text          0x000000001000abe0       0x48 /usr/lib/gcc/arm-none-eabi/10.3.1/../../../arm-none-eabi/lib/thumb/v6-m/nofp/libg.a(lib_a-memcmp.o)
                0x000000001000abe0                memcmp
 .text          0x000000001000ac28       0xac /usr/lib/gcc/arm-none-eabi/10.3.1/../../../arm-none-eabi/lib/thumb/v6-m/nofp/libg.a(lib_a-memmove.o)
                0x000000001000ac28                memmove
 .text          0x000000001000acd4       0x5c /usr/lib/gcc/arm-none-eabi/10.3.1/../../../arm-none-eabi/lib/thumb/v6-m/nofp/libg.a(lib_a-strlen-stub.o)
                0x000000001000acd4                strlen
 .text          0x000000001000ad30       0x74 /usr/lib/gcc/arm-none-eabi/10.3.1/../../../arm-none-eabi/lib/thumb/v6-m/nofp/libg.a(lib_a-strncmp.o)
                0x000000001000ad30                strncmp
 *(.fini)
 .fini          0x000000001000ada4        0x4 /usr/lib/gcc/arm-none-eabi/10.3.1/thumb/v6-m/nofp/crti.o
                0x000000001000ada4                _fini
 .fini.__stub   0x000000001000ada8      0x130 linker stubs
 *crtbegin.o(.ctors)
 *crtbegin?.o(.ctors)
 *(EXCLUDE_FILE(*crtend.o *crtend?.o) .ctors)
 *(SORT_BY_NAME(.ctors.*))
 *(.ctors)
 *crtbegin.o(.dtors)
 *crtbegin?.o(.dtors)
 *(EXCLUDE_FILE(*crtend.o *crtend?.o) .dtors)
 *(SORT_BY_NAME(.dtors.*))
 *(.dtors)
 *(.eh_frame*)
 .eh_frame      0x000000001000aed8        0x0 /usr/lib/gcc/arm-none-eabi/10.3.1/thumb/v6-m/nofp/crtbegin.o
                0x000000001000aed8                . = ALIGN (0x4)

.glue_7         0x000000001000aed8        0x0
 .glue_7        0x000000001000aed8        0x0 linker stubs

.glue_7t        0x000000001000aed8        0x0
 .glue_7t       0x000000001000aed8        0x0 linker stubs
